Component: ARM Compiler 5.06 update 7 (build 960) Tool: armlink [4d3601]

==============================================================================

Section Cross References

    main.o(i.SystemClock_Config) refers to rt_memclr_w.o(.text) for __aeabi_memclr4
    main.o(i.SystemClock_Config) refers to stm32f1xx_hal_rcc.o(i.HAL_RCC_OscConfig) for HAL_RCC_OscConfig
    main.o(i.SystemClock_Config) refers to stm32f1xx_hal_rcc.o(i.HAL_RCC_ClockConfig) for HAL_RCC_ClockConfig
    main.o(i.main) refers to stm32f1xx_hal.o(i.HAL_Init) for HAL_Init
    main.o(i.main) refers to main.o(i.SystemClock_Config) for SystemClock_Config
    main.o(i.main) refers to gpio.o(i.MX_GPIO_Init) for MX_GPIO_Init
    main.o(i.main) refers to dma.o(i.MX_DMA_Init) for MX_DMA_Init
    main.o(i.main) refers to usart.o(i.MX_USART1_UART_Init) for MX_USART1_UART_Init
    main.o(i.main) refers to tim.o(i.MX_TIM2_Init) for MX_TIM2_Init
    main.o(i.main) refers to mainsystem.o(i.MainInit) for MainInit
    main.o(i.main) refers to mainsystem.o(i.MainSystem) for MainSystem
    gpio.o(i.MX_GPIO_Init) refers to stm32f1xx_hal_gpio.o(i.HAL_GPIO_WritePin) for HAL_GPIO_WritePin
    gpio.o(i.MX_GPIO_Init) refers to stm32f1xx_hal_gpio.o(i.HAL_GPIO_Init) for HAL_GPIO_Init
    dma.o(i.MX_DMA_Init) refers to stm32f1xx_hal_cortex.o(i.HAL_NVIC_SetPriority) for HAL_NVIC_SetPriority
    dma.o(i.MX_DMA_Init) refers to stm32f1xx_hal_cortex.o(i.HAL_NVIC_EnableIRQ) for HAL_NVIC_EnableIRQ
    tim.o(i.HAL_TIM_Base_MspDeInit) refers to stm32f1xx_hal_cortex.o(i.HAL_NVIC_DisableIRQ) for HAL_NVIC_DisableIRQ
    tim.o(i.HAL_TIM_Base_MspInit) refers to stm32f1xx_hal_cortex.o(i.HAL_NVIC_SetPriority) for HAL_NVIC_SetPriority
    tim.o(i.HAL_TIM_Base_MspInit) refers to stm32f1xx_hal_cortex.o(i.HAL_NVIC_EnableIRQ) for HAL_NVIC_EnableIRQ
    tim.o(i.MX_TIM2_Init) refers to stm32f1xx_hal_tim.o(i.HAL_TIM_Base_Init) for HAL_TIM_Base_Init
    tim.o(i.MX_TIM2_Init) refers to main.o(i.Error_Handler) for Error_Handler
    tim.o(i.MX_TIM2_Init) refers to stm32f1xx_hal_tim.o(i.HAL_TIM_ConfigClockSource) for HAL_TIM_ConfigClockSource
    tim.o(i.MX_TIM2_Init) refers to stm32f1xx_hal_tim_ex.o(i.HAL_TIMEx_MasterConfigSynchronization) for HAL_TIMEx_MasterConfigSynchronization
    tim.o(i.MX_TIM2_Init) refers to tim.o(.bss) for .bss
    usart.o(i.HAL_UART_MspDeInit) refers to stm32f1xx_hal_gpio.o(i.HAL_GPIO_DeInit) for HAL_GPIO_DeInit
    usart.o(i.HAL_UART_MspDeInit) refers to stm32f1xx_hal_dma.o(i.HAL_DMA_DeInit) for HAL_DMA_DeInit
    usart.o(i.HAL_UART_MspInit) refers to stm32f1xx_hal_gpio.o(i.HAL_GPIO_Init) for HAL_GPIO_Init
    usart.o(i.HAL_UART_MspInit) refers to stm32f1xx_hal_dma.o(i.HAL_DMA_Init) for HAL_DMA_Init
    usart.o(i.HAL_UART_MspInit) refers to main.o(i.Error_Handler) for Error_Handler
    usart.o(i.HAL_UART_MspInit) refers to usart.o(.bss) for .bss
    usart.o(i.MX_USART1_UART_Init) refers to stm32f1xx_hal_uart.o(i.HAL_UART_Init) for HAL_UART_Init
    usart.o(i.MX_USART1_UART_Init) refers to main.o(i.Error_Handler) for Error_Handler
    usart.o(i.MX_USART1_UART_Init) refers to usart.o(.bss) for .bss
    stm32f1xx_it.o(i.DMA1_Channel4_IRQHandler) refers to stm32f1xx_hal_dma.o(i.HAL_DMA_IRQHandler) for HAL_DMA_IRQHandler
    stm32f1xx_it.o(i.DMA1_Channel4_IRQHandler) refers to usart.o(.bss) for hdma_usart1_tx
    stm32f1xx_it.o(i.SysTick_Handler) refers to stm32f1xx_hal.o(i.HAL_IncTick) for HAL_IncTick
    stm32f1xx_it.o(i.TIM2_IRQHandler) refers to stm32f1xx_hal_tim.o(i.HAL_TIM_IRQHandler) for HAL_TIM_IRQHandler
    stm32f1xx_it.o(i.TIM2_IRQHandler) refers to tim.o(.bss) for htim2
    stm32f1xx_hal_tim.o(i.HAL_TIM_Base_DeInit) refers to tim.o(i.HAL_TIM_Base_MspDeInit) for HAL_TIM_Base_MspDeInit
    stm32f1xx_hal_tim.o(i.HAL_TIM_Base_Init) refers to tim.o(i.HAL_TIM_Base_MspInit) for HAL_TIM_Base_MspInit
    stm32f1xx_hal_tim.o(i.HAL_TIM_Base_Init) refers to stm32f1xx_hal_tim.o(i.TIM_Base_SetConfig) for TIM_Base_SetConfig
    stm32f1xx_hal_tim.o(i.HAL_TIM_Base_Start_DMA) refers to stm32f1xx_hal_dma.o(i.HAL_DMA_Start_IT) for HAL_DMA_Start_IT
    stm32f1xx_hal_tim.o(i.HAL_TIM_Base_Start_DMA) refers to stm32f1xx_hal_tim.o(i.TIM_DMAPeriodElapsedCplt) for TIM_DMAPeriodElapsedCplt
    stm32f1xx_hal_tim.o(i.HAL_TIM_Base_Start_DMA) refers to stm32f1xx_hal_tim.o(i.TIM_DMAPeriodElapsedHalfCplt) for TIM_DMAPeriodElapsedHalfCplt
    stm32f1xx_hal_tim.o(i.HAL_TIM_Base_Start_DMA) refers to stm32f1xx_hal_tim.o(i.TIM_DMAError) for TIM_DMAError
    stm32f1xx_hal_tim.o(i.HAL_TIM_Base_Stop_DMA) refers to stm32f1xx_hal_dma.o(i.HAL_DMA_Abort_IT) for HAL_DMA_Abort_IT
    stm32f1xx_hal_tim.o(i.HAL_TIM_ConfigClockSource) refers to stm32f1xx_hal_tim.o(i.TIM_ETR_SetConfig) for TIM_ETR_SetConfig
    stm32f1xx_hal_tim.o(i.HAL_TIM_ConfigClockSource) refers to stm32f1xx_hal_tim.o(i.TIM_TI1_ConfigInputStage) for TIM_TI1_ConfigInputStage
    stm32f1xx_hal_tim.o(i.HAL_TIM_ConfigClockSource) refers to stm32f1xx_hal_tim.o(i.TIM_TI2_ConfigInputStage) for TIM_TI2_ConfigInputStage
[...]
    .text                                    0x080004f0   Section        0  _printf_pad.o(.text)
    .text                                    0x0800053e   Section        0  _printf_truncate.o(.text)
    .text                                    0x08000562   Section        0  _printf_str.o(.text)
    .text                                    0x080005b4   Section        0  _printf_dec.o(.text)
    .text                                    0x0800062c   Section        0  _printf_charcount.o(.text)
    .text                                    0x08000654   Section        0  _printf_char_common.o(.text)
    _printf_input_char                       0x08000655   Thumb Code    10  _printf_char_common.o(.text)
    .text                                    0x08000684   Section        0  _sputc.o(.text)
    .text                                    0x08000690   Section        0  _printf_wctomb.o(.text)
    .text                                    0x0800074c   Section        0  _printf_longlong_dec.o(.text)
    .text                                    0x080007c8   Section        0  _printf_oct_int_ll.o(.text)
    _printf_longlong_oct_internal            0x080007c9   Thumb Code     0  _printf_oct_int_ll.o(.text)
    .text                                    0x08000838   Section        0  _printf_hex_int_ll_ptr.o(.text)
    _printf_hex_common                       0x08000839   Thumb Code     0  _printf_hex_int_ll_ptr.o(.text)
    .text                                    0x080008cc   Section        0  __printf_flags_ss_wp.o(.text)
    .text                                    0x08000a54   Section        0  defsig_pvfn_outer.o(.text)
    .text                                    0x08000a64   Section        8  libspace.o(.text)
    .text                                    0x08000a6c   Section        0  h1_extend.o(.text)
    .text                                    0x08000aa0   Section      138  lludiv10.o(.text)
    .text                                    0x08000b2a   Section        0  _printf_intcommon.o(.text)
    .text                                    0x08000bdc   Section        0  _printf_fp_dec.o(.text)
    _fp_digits                               0x08000bdf   Thumb Code   432  _printf_fp_dec.o(.text)
    .text                                    0x08000ffa   Section        0  _printf_char.o(.text)
    .text                                    0x08001026   Section        0  _printf_wchar.o(.text)
    .text                                    0x08001052   Section        0  _wcrtomb.o(.text)
    .text                                    0x08001092   Section        0  defsig_exit.o(.text)
    .text                                    0x0800109c   Section        0  defsig_rtmem_outer.o(.text)
    .text                                    0x080010ac   Section        0  defsig_pvfn_inner.o(.text)
    .text                                    0x080010dc   Section        0  sys_exit.o(.text)
    .text                                    0x080010e8   Section        2  use_no_semi.o(.text)
    .text                                    0x080010ea   Section        0  indicate_semi.o(.text)
    .text                                    0x080010ea   Section       74  sys_stackheap_outer.o(.text)
    .text                                    0x08001134   Section       16  rt_ctype_table.o(.text)
    .text                                    0x08001144   Section        8  rt_locale_intlibspace.o(.text)
    .text                                    0x0800114c   Section        0  _printf_fp_infnan.o(.text)
    .text                                    0x080011cc   Section        0  bigflt0.o(.text)
    .text                                    0x080012b0   Section        0  exit.o(.text)
    .text                                    0x080012c2   Section        0  defsig_general.o(.text)
    .text                                    0x080012f4   Section        0  defsig_rtmem_inner.o(.text)
    .text                                    0x08001344   Section        0  sys_wrch.o(.text)
    .text                                    0x08001354   Section      128  strcmpv7m.o(.text)
    CL$$btod_d2e                             0x080013d4   Section       62  btod.o(CL$$btod_d2e)
    CL$$btod_d2e_denorm_low                  0x08001412   Section       70  btod.o(CL$$btod_d2e_denorm_low)
    CL$$btod_d2e_norm_op1                    0x08001458   Section       96  btod.o(CL$$btod_d2e_norm_op1)
    CL$$btod_div_common                      0x080014b8   Section      824  btod.o(CL$$btod_div_common)
    CL$$btod_e2e                             0x080017f0   Section      220  btod.o(CL$$btod_e2e)
    CL$$btod_ediv                            0x080018cc   Section       42  btod.o(CL$$btod_ediv)
    CL$$btod_emul                            0x080018f6   Section       42  btod.o(CL$$btod_emul)
    CL$$btod_mult_common                     0x08001920   Section      580  btod.o(CL$$btod_mult_common)
    i.BusFault_Handler                       0x08001b64   Section        0  stm32f1xx_it.o(i.BusFault_Handler)
    i.DMA1_Channel4_IRQHandler               0x08001b68   Section        0  stm32f1xx_it.o(i.DMA1_Channel4_IRQHandler)
    i.DebugMon_Handler                       0x08001b74   Section        0  stm32f1xx_it.o(i.DebugMon_Handler)
    i.Error_Handler                          0x08001b76   Section        0  main.o(i.Error_Handler)
    i.HAL_DMA_IRQHandler                     0x08001b7c   Section        0  stm32f1xx_hal_dma.o(i.HAL_DMA_IRQHandler)
    i.HAL_DMA_Init                           0x08001dc4   Section        0  stm32f1xx_hal_dma.o(i.HAL_DMA_Init)
    i.HAL_GPIO_Init                          0x08001e40   Section        0  stm32f1xx_hal_gpio.o(i.HAL_GPIO_Init)
    i.HAL_GPIO_WritePin                      0x08002038   Section        0  stm32f1xx_hal_gpio.o(i.HAL_GPIO_WritePin)
    i.HAL_GetTick                            0x08002044   Section        0  stm32f1xx_hal.o(i.HAL_GetTick)
    i.HAL_IncTick                            0x08002050   Section        0  stm32f1xx_hal.o(i.HAL_IncTick)
    i.HAL_Init                               0x08002060   Section        0  stm32f1xx_hal.o(i.HAL_Init)
    i.HAL_InitTick                           0x08002084   Section        0  stm32f1xx_hal.o(i.HAL_InitTick)
    i.HAL_MspInit                            0x080020c4   Section        0  stm32f1xx_hal_msp.o(i.HAL_MspInit)
    i.HAL_NVIC_EnableIRQ                     0x08002100   Section        0  stm32f1xx_hal_cortex.o(i.HAL_NVIC_EnableIRQ)
    i.HAL_NVIC_SetPriority                   0x0800211c   Section        0  stm32f1xx_hal_cortex.o(i.HAL_NVIC_SetPriority)
    i.HAL_NVIC_SetPriorityGrouping           0x0800215c   Section        0  stm32f1xx_hal_cortex.o(i.HAL_NVIC_SetPriorityGrouping)
    i.HAL_RCC_ClockConfig                    0x08002180   Section        0  stm32f1xx_hal_rcc.o(i.HAL_RCC_ClockConfig)
    i.HAL_RCC_GetPCLK1Freq                   0x080022ac   Section        0  stm32f1xx_hal_rcc.o(i.HAL_RCC_GetPCLK1Freq)
    i.HAL_RCC_GetPCLK2Freq                   0x080022cc   Section        0  stm32f1xx_hal_rcc.o(i.HAL_RCC_GetPCLK2Freq)
    i.HAL_RCC_GetSysClockFreq                0x080022ec   Section        0  stm32f1xx_hal_rcc.o(i.HAL_RCC_GetSysClockFreq)
    i.HAL_RCC_OscConfig                      0x08002358   Section        0  stm32f1xx_hal_rcc.o(i.HAL_RCC_OscConfig)
    i.HAL_SYSTICK_Config                     0x08002678   Section        0  stm32f1xx_hal_cortex.o(i.HAL_SYSTICK_Config)
    i.HAL_TIMEx_BreakCallback                0x080026a0   Section        0  stm32f1xx_hal_tim_ex.o(i.HAL_TIMEx_BreakCallback)
    i.HAL_TIMEx_CommutCallback               0x080026a2   Section        0  stm32f1xx_hal_tim_ex.o(i.HAL_TIMEx_CommutCallback)
    i.HAL_TIMEx_MasterConfigSynchronization  0x080026a4   Section        0  stm32f1xx_hal_tim_ex.o(i.HAL_TIMEx_MasterConfigSynchronization)
    i.HAL_TIM_Base_Init                      0x08002720   Section        0  stm32f1xx_hal_tim.o(i.HAL_TIM_Base_Init)
    i.HAL_TIM_Base_MspInit                   0x0800277c   Section        0  tim.o(i.HAL_TIM_Base_MspInit)
    i.HAL_TIM_ConfigClockSource              0x080027b4   Section        0  stm32f1xx_hal_tim.o(i.HAL_TIM_ConfigClockSource)
    i.HAL_TIM_IC_CaptureCallback             0x0800288a   Section        0  stm32f1xx_hal_tim.o(i.HAL_TIM_IC_CaptureCallback)
    i.HAL_TIM_IRQHandler                     0x0800288c   Section        0  stm32f1xx_hal_tim.o(i.HAL_TIM_IRQHandler)
    i.HAL_TIM_OC_DelayElapsedCallback        0x080029f2   Section        0  stm32f1xx_hal_tim.o(i.HAL_TIM_OC_DelayElapsedCallback)
    i.HAL_TIM_PWM_PulseFinishedCallback      0x080029f4   Section        0  stm32f1xx_hal_tim.o(i.HAL_TIM_PWM_PulseFinishedCallback)
    i.HAL_TIM_PeriodElapsedCallback          0x080029f6   Section        0  stm32f1xx_hal_tim.o(i.HAL_TIM_PeriodElapsedCallback)
    i.HAL_TIM_TriggerCallback                0x080029f8   Section        0  stm32f1xx_hal_tim.o(i.HAL_TIM_TriggerCallback)
    i.HAL_UART_Init                          0x080029fa   Section        0  stm32f1xx_hal_uart.o(i.HAL_UART_Init)
    i.HAL_UART_MspInit                       0x08002a5c   Section        0  usart.o(i.HAL_UART_MspInit)
    i.HAL_UART_Transmit                      0x08002afc   Section        0  stm32f1xx_hal_uart.o(i.HAL_UART_Transmit)
    i.HardFault_Handler                      0x08002bae   Section        0  stm32f1xx_it.o(i.HardFault_Handler)
    i.MX_DMA_Init                            0x08002bb0   Section        0  dma.o(i.MX_DMA_Init)
    i.MX_GPIO_Init                           0x08002bdc   Section        0  gpio.o(i.MX_GPIO_Init)
    i.MX_TIM2_Init                           0x08002c70   Section        0  tim.o(i.MX_TIM2_Init)
    i.MX_USART1_UART_Init                    0x08002cd4   Section        0  usart.o(i.MX_USART1_UART_Init)
    i.MainInit                               0x08002d0c   Section        0  mainsystem.o(i.MainInit)
    i.MainSystem                             0x08002d38   Section        0  mainsystem.o(i.MainSystem)
    i.MemManage_Handler                      0x08002d3a   Section        0  stm32f1xx_it.o(i.MemManage_Handler)
    i.NMI_Handler                            0x08002d3c   Section        0  stm32f1xx_it.o(i.NMI_Handler)
    i.PendSV_Handler                         0x08002d3e   Section        0  stm32f1xx_it.o(i.PendSV_Handler)
    i.SVC_Handler                            0x08002d40   Section        0  stm32f1xx_it.o(i.SVC_Handler)
    i.SysTick_Handler                        0x08002d42   Section        0  stm32f1xx_it.o(i.SysTick_Handler)
    i.SystemClock_Config                     0x08002d46   Section        0  main.o(i.SystemClock_Config)
    i.SystemInit                             0x08002da4   Section        0  system_stm32f1xx.o(i.SystemInit)
    i.TIM2_IRQHandler                        0x08002da8   Section        0  stm32f1xx_it.o(i.TIM2_IRQHandler)
    i.TIM_Base_SetConfig                     0x08002db4   Section        0  stm32f1xx_hal_tim.o(i.TIM_Base_SetConfig)
    i.TIM_ETR_SetConfig                      0x08002e40   Section        0  stm32f1xx_hal_tim.o(i.TIM_ETR_SetConfig)
    i.TIM_ITRx_SetConfig                     0x08002e54   Section        0  stm32f1xx_hal_tim.o(i.TIM_ITRx_SetConfig)
    TIM_ITRx_SetConfig                       0x08002e55   Thumb Code    16  stm32f1xx_hal_tim.o(i.TIM_ITRx_SetConfig)
    i.TIM_TI1_ConfigInputStage               0x08002e64   Section        0  stm32f1xx_hal_tim.o(i.TIM_TI1_ConfigInputStage)
    TIM_TI1_ConfigInputStage                 0x08002e65   Thumb Code    34  stm32f1xx_hal_tim.o(i.TIM_TI1_ConfigInputStage)
    i.TIM_TI2_ConfigInputStage               0x08002e86   Section        0  stm32f1xx_hal_tim.o(i.TIM_TI2_ConfigInputStage)
    TIM_TI2_ConfigInputStage                 0x08002e87   Thumb Code    36  stm32f1xx_hal_tim.o(i.TIM_TI2_ConfigInputStage)
    i.UART_SetConfig                         0x08002eac   Section        0  stm32f1xx_hal_uart.o(i.UART_SetConfig)
    UART_SetConfig                           0x08002ead   Thumb Code   178  stm32f1xx_hal_uart.o(i.UART_SetConfig)
    i.UART_WaitOnFlagUntilTimeout            0x08002f64   Section        0  stm32f1xx_hal_uart.o(i.UART_WaitOnFlagUntilTimeout)
    UART_WaitOnFlagUntilTimeout              0x08002f65   Thumb Code   100  stm32f1xx_hal_uart.o(i.UART_WaitOnFlagUntilTimeout)
    i.UsageFault_Handler                     0x08002fc8   Section        0  stm32f1xx_it.o(i.UsageFault_Handler)
    i._ZN12bsp_PrintArt5printEPKcz           0x08002fca   Section        0  bsp_printart.o(i._ZN12bsp_PrintArt5printEPKcz)
    i._ZN12bsp_PrintArtC2Ev                  0x08003008   Section        0  bsp_printart.o(i._ZN12bsp_PrintArtC2Ev)
    i._ZN18bsp_PrintArt_STM328TransmitEPhj   0x08003018   Section        0  bsp_printart.o(i._ZN18bsp_PrintArt_STM328TransmitEPhj)
    i._ZN18bsp_PrintArt_STM32C1EP20__UART_HandleTypeDef 0x08003024   Section        0  bsp_printart.o(i._ZN18bsp_PrintArt_STM32C1EP20__UART_HandleTypeDef)
    i.__ARM_fpclassify                       0x08003038   Section        0  fpclassify.o(i.__ARM_fpclassify)
    i.__NVIC_SetPriority                     0x08003060   Section        0  stm32f1xx_hal_cortex.o(i.__NVIC_SetPriority)
    __NVIC_SetPriority                       0x08003061   Thumb Code    32  stm32f1xx_hal_cortex.o(i.__NVIC_SetPriority)
    i.__cxa_pure_virtual                     0x08003080   Section        0  pure_virt.o(i.__cxa_pure_virtual)
    i.__sti___14_MainSystem_cpp_com          0x08003088   Section        0  mainsystem.o(i.__sti___14_MainSystem_cpp_com)
    __sti___14_MainSystem_cpp_com            0x08003089   Thumb Code     8  mainsystem.o(i.__sti___14_MainSystem_cpp_com)
    i._is_digit                              0x08003098   Section        0  __printf_wp.o(i._is_digit)
    i.main                                   0x080030a6   Section        0  main.o(i.main)
    locale$$code                             0x080030c8   Section       44  lc_numeric_c.o(locale$$code)
    locale$$code                             0x080030f4   Section       44  lc_ctype_c.o(locale$$code)
    x$fpl$printf1                            0x08003120   Section        4  printf1.o(x$fpl$printf1)
    .constdata                               0x08003124   Section       16  system_stm32f1xx.o(.constdata)
    x$fpl$usenofp                            0x08003124   Section        0  usenofp.o(x$fpl$usenofp)
    .constdata                               0x08003134   Section        8  system_stm32f1xx.o(.constdata)
    .constdata                               0x0800313c   Section        8  _printf_wctomb.o(.constdata)
    initial_mbstate                          0x0800313c   Data           8  _printf_wctomb.o(.constdata)
    .constdata                               0x08003144   Section       40  _printf_hex_int_ll_ptr.o(.constdata)
    uc_hextab                                0x08003144   Data          20  _printf_hex_int_ll_ptr.o(.constdata)
    lc_hextab                                0x08003158   Data          20  _printf_hex_int_ll_ptr.o(.constdata)
    .constdata                               0x0800316c   Section       17  __printf_flags_ss_wp.o(.constdata)
    maptable                                 0x0800316c   Data          17  __printf_flags_ss_wp.o(.constdata)
    .constdata                               0x08003180   Section      148  bigflt0.o(.constdata)
    tenpwrs_x                                0x08003180   Data          60  bigflt0.o(.constdata)
    tenpwrs_i                                0x080031bc   Data          64  bigflt0.o(.constdata)
    .constdata__ZTV12bsp_PrintArt            0x08003214   Section       12  bsp_printart.o(.constdata__ZTV12bsp_PrintArt)
    .constdata__ZTV18bsp_PrintArt_STM32      0x08003220   Section       12  bsp_printart.o(.constdata__ZTV18bsp_PrintArt_STM32)
    locale$$data                             0x0800324c   Section       28  lc_numeric_c.o(locale$$data)
    __lcnum_c_name                           0x08003250   Data           2  lc_numeric_c.o(locale$$data)
    __lcnum_c_start                          0x08003258   Data           0  lc_numeric_c.o(locale$$data)
    __lcnum_c_point                          0x08003264   Data           0  lc_numeric_c.o(locale$$data)
    __lcnum_c_thousands                      0x08003266   Data           0  lc_numeric_c.o(locale$$data)
    __lcnum_c_grouping                       0x08003267   Data           0  lc_numeric_c.o(locale$$data)
    locale$$data                             0x08003268   Section      272  lc_ctype_c.o(locale$$data)
    __lcnum_c_end                            0x08003268   Data           0  lc_numeric_c.o(locale$$data)
    __lcctype_c_name                         0x0800326c   Data           2  lc_ctype_c.o(locale$$data)
    __lcctype_c_start                        0x08003274   Data           0  lc_ctype_c.o(locale$$data)
    .init_array                              0x08003378   Section        4  mainsystem.o(.init_array)
    __lcctype_c_end                          0x08003378   Data           0  lc_ctype_c.o(locale$$data)
    .init_array                              0x0800337c   Section        0  init_aeabi.o(.init_array)
    .data                                    0x20000000   Section       12  stm32f1xx_hal.o(.data)
    .data                                    0x2000000c   Section        4  system_stm32f1xx.o(.data)
    .bss                                     0x20000010   Section       72  tim.o(.bss)
    .bss                                     0x20000058   Section      136  usart.o(.bss)
    .bss                                     0x200000e0   Section       12  mainsystem.o(.bss)
    .bss                                     0x200000ec   Section       96  libspace.o(.bss)
    HEAP                                     0x20000150   Section      512  startup_stm32f103xe.o(HEAP)
    Heap_Mem                                 0x20000150   Data         512  startup_stm32f103xe.o(HEAP)
    STACK                                    0x20000350   Section     1024  startup_stm32f103xe.o(STACK)
    Stack_Mem                                0x20000350   Data        1024  startup_stm32f103xe.o(STACK)
    __initial_sp                             0x20000750   Data           0  startup_stm32f103xe.o(STACK)

    Global Symbols

    Symbol Name                              Value     Ov Type        Size  Object(Section)

    BuildAttributes$$THM_ISAv4$P$D$K$B$S$PE$A:L22UL41UL21$X:L11$S22US41US21$IEEE1$IW$USESV6$~STKCKD$USESV7$~SHL$OTIME$ROPI$IEEEJ$EBA8$UX$STANDARDLIB$REQ8$PRES8$EABIv2 0x00000000   Number         0  anon$$obj.o ABSOLUTE
    __ARM_use_no_argv                        0x00000000   Number         0  main.o ABSOLUTE
    _printf_flags                            0x00000000   Number         0  printf_stubs.o ABSOLUTE
    _printf_return_value                     0x00000000   Number         0  printf_stubs.o ABSOLUTE
    _printf_sizespec                         0x00000000   Number         0  printf_stubs.o ABSOLUTE
    _printf_widthprec                        0x00000000   Number         0  printf_stubs.o ABSOLUTE
    __ARM::default_unexpected_handler()       - Undefined Weak Reference
    __ARM_exceptions_buffer_required          - Undefined Weak Reference
    __ARM_exceptions_init                     - Undefined Weak Reference
    __alloca_initialize                       - Undefined Weak Reference
    __arm_fini_                               - Undefined Weak Reference
    __arm_preinit_                            - Undefined Weak Reference
    __cxa_finalize                            - Undefined Weak Reference
    __sigvec_lookup                           - Undefined Weak Reference
    __user_heap_extent                        - Undefined Weak Reference
    _atexit_init                              - Undefined Weak Reference
    _call_atexit_fns                          - Undefined Weak Reference
    _clock_init                               - Undefined Weak Reference
    _fp_trap_init                             - Undefined Weak Reference
    _fp_trap_shutdown                         - Undefined Weak Reference
    _get_lc_collate                           - Undefined Weak Reference
    _get_lc_monetary                          - Undefined Weak Reference
    _get_lc_time                              - Undefined Weak Reference
    _getenv_init                              - Undefined Weak Reference
    _handle_redirection                       - Undefined Weak Reference
    _initio                                   - Undefined Weak Reference
    _mutex_acquire                            - Undefined Weak Reference
    _mutex_free                               - Undefined Weak Reference
    _mutex_release                            - Undefined Weak Reference
    _printf_fp_hex                            - Undefined Weak Reference
    _printf_mbtowc                            - Undefined Weak Reference
    _printf_wc                                - Undefined Weak Reference
    _rand_init                                - Undefined Weak Reference
    _signal_finish                            - Undefined Weak Reference
    _signal_init                              - Undefined Weak Reference
    _terminateio                              - Undefined Weak Reference
    __Vectors_Size                           0x00000130   Number         0  startup_stm32f103xe.o ABSOLUTE
    __Vectors                                0x08000000   Data           4  startup_stm32f103xe.o(RESET)
    __Vectors_End                            0x08000130   Data           0  startup_stm32f103xe.o(RESET)
    __main                                   0x08000131   Thumb Code     8  __main.o(!!!main)
    __scatterload                            0x08000139   Thumb Code     0  __scatter.o(!!!scatter)
    __scatterload_rt2                        0x08000139   Thumb Code    44  __scatter.o(!!!scatter)
    __scatterload_rt2_thumb_only             0x08000139   Thumb Code     0  __scatter.o(!!!scatter)
    __scatterload_null                       0x08000147   Thumb Code     0  __scatter.o(!!!scatter)
    __scatterload_copy                       0x0800016d   Thumb Code    26  __scatter_copy.o(!!handler_copy)
    __scatterload_zeroinit                   0x08000189   Thumb Code    28  __scatter_zi.o(!!handler_zi)
    _printf_n                                0x080001a5   Thumb Code     0  _printf_n.o(.ARM.Collect$$_printf_percent$$00000001)
    _printf_percent                          0x080001a5   Thumb Code     0  _printf_percent.o(.ARM.Collect$$_printf_percent$$00000000)
    _printf_p                                0x080001ab   Thumb Code     0  _printf_p.o(.ARM.Collect$$_printf_percent$$00000002)
    _printf_f                                0x080001b1   Thumb Code     0  _printf_f.o(.ARM.Collect$$_printf_percent$$00000003)
    _printf_e                                0x080001b7   Thumb Code     0  _printf_e.o(.ARM.Collect$$_printf_percent$$00000004)
    _printf_g                                0x080001bd   Thumb Code     0  _printf_g.o(.ARM.Collect$$_printf_percent$$00000005)
    _printf_a                                0x080001c3   Thumb Code     0  _printf_a.o(.ARM.Collect$$_printf_percent$$00000006)
    _printf_ll                               0x080001c9   Thumb Code     0  _printf_ll.o(.ARM.Collect$$_printf_percent$$00000007)
    _printf_i                                0x080001d3   Thumb Code     0  _printf_i.o(.ARM.Collect$$_printf_percent$$00000008)
    _printf_d                                0x080001d9   Thumb Code     0  _printf_d.o(.ARM.Collect$$_printf_percent$$00000009)
    _printf_u                                0x080001df   Thumb Code     0  _printf_u.o(.ARM.Collect$$_printf_percent$$0000000A)
    _printf_o                                0x080001e5   Thumb Code     0  _printf_o.o(.ARM.Collect$$_printf_percent$$0000000B)
    _printf_x                                0x080001eb   Thumb Code     0  _printf_x.o(.ARM.Collect$$_printf_percent$$0000000C)
    _printf_lli                              0x080001f1   Thumb Code     0  _printf_lli.o(.ARM.Collect$$_printf_percent$$0000000D)
    _printf_lld                              0x080001f7   Thumb Code     0  _printf_lld.o(.ARM.Collect$$_printf_percent$$0000000E)
    _printf_llu                              0x080001fd   Thumb Code     0  _printf_llu.o(.ARM.Collect$$_printf_percent$$0000000F)
    _printf_llo                              0x08000203   Thumb Code     0  _printf_llo.o(.ARM.Collect$$_printf_percent$$00000010)
    _printf_llx                              0x08000209   Thumb Code     0  _printf_llx.o(.ARM.Collect$$_printf_percent$$00000011)
    _printf_l                                0x0800020f   Thumb Code     0  _printf_l.o(.ARM.Collect$$_printf_percent$$00000012)
    _printf_c                                0x08000219   Thumb Code     0  _printf_c.o(.ARM.Collect$$_printf_percent$$00000013)
    _printf_s                                0x0800021f   Thumb Code     0  _printf_s.o(.ARM.Collect$$_printf_percent$$00000014)
    _printf_lc                               0x08000225   Thumb Code     0  _printf_lc.o(.ARM.Collect$$_printf_percent$$00000015)
    _printf_ls                               0x0800022b   Thumb Code     0  _printf_ls.o(.ARM.Collect$$_printf_percent$$00000016)
    _printf_percent_end                      0x08000231   Thumb Code     0  _printf_percent_end.o(.ARM.Collect$$_printf_percent$$00000017)
    __rt_lib_init                            0x08000235   Thumb Code     0  libinit.o(.ARM.Collect$$libinit$$00000000)
    __rt_lib_init_fp_1                       0x08000237   Thumb Code     0  libinit2.o(.ARM.Collect$$libinit$$00000002)
    __rt_lib_init_heap_2                     0x08000237   Thumb Code     0  libinit2.o(.ARM.Collect$$libinit$$00000005)
    __rt_lib_init_preinit_1                  0x08000237   Thumb Code     0  libinit2.o(.ARM.Collect$$libinit$$00000004)
    __rt_lib_init_heap_1                     0x0800023f   Thumb Code     0  libinit2.o(.ARM.Collect$$libinit$$0000000A)
    __rt_lib_init_lc_common                  0x0800023f   Thumb Code     0  libinit2.o(.ARM.Collect$$libinit$$0000000F)
    __rt_lib_init_rand_1                     0x0800023f   Thumb Code     0  libinit2.o(.ARM.Collect$$libinit$$0000000E)
    __rt_lib_init_user_alloc_1               0x0800023f   Thumb Code     0  libinit2.o(.ARM.Collect$$libinit$$0000000C)
    __rt_lib_init_lc_collate_1               0x08000245   Thumb Code     0  libinit2.o(.ARM.Collect$$libinit$$00000011)
    __rt_lib_init_lc_ctype_2                 0x08000245   Thumb Code     0  libinit2.o(.ARM.Collect$$libinit$$00000012)
    __rt_lib_init_lc_ctype_1                 0x08000251   Thumb Code     0  libinit2.o(.ARM.Collect$$libinit$$00000013)
    __rt_lib_init_lc_monetary_1              0x08000251   Thumb Code     0  libinit2.o(.ARM.Collect$$libinit$$00000015)
    __rt_lib_init_lc_numeric_2               0x08000251   Thumb Code     0  libinit2.o(.ARM.Collect$$libinit$$00000016)
    __rt_lib_init_alloca_1                   0x0800025b   Thumb Code     0  libinit2.o(.ARM.Collect$$libinit$$0000002E)
    __rt_lib_init_argv_1                     0x0800025b   Thumb Code     0  libinit2.o(.ARM.Collect$$libinit$$0000002C)
    __rt_lib_init_atexit_1                   0x0800025b   Thumb Code     0  libinit2.o(.ARM.Collect$$libinit$$0000001B)
    __rt_lib_init_clock_1                    0x0800025b   Thumb Code     0  libinit2.o(.ARM.Collect$$libinit$$00000021)
    __rt_lib_init_cpp_2                      0x0800025b   Thumb Code     0  libinit2.o(.ARM.Collect$$libinit$$00000031)
    __rt_lib_init_exceptions_1               0x0800025b   Thumb Code     0  libinit2.o(.ARM.Collect$$libinit$$00000030)
    __rt_lib_init_fp_trap_1                  0x0800025b   Thumb Code     0  libinit2.o(.ARM.Collect$$libinit$$0000001F)
    __rt_lib_init_getenv_1                   0x0800025b   Thumb Code     0  libinit2.o(.ARM.Collect$$libinit$$00000023)
    __rt_lib_init_lc_numeric_1               0x0800025b   Thumb Code     0  libinit2.o(.ARM.Collect$$libinit$$00000017)
    __rt_lib_init_lc_time_1                  0x0800025b   Thumb Code     0  libinit2.o(.ARM.Collect$$libinit$$00000019)
    __rt_lib_init_signal_1                   0x0800025b   Thumb Code     0  libinit2.o(.ARM.Collect$$libinit$$0000001D)
    __rt_lib_init_stdio_1                    0x0800025b   Thumb Code     0  libinit2.o(.ARM.Collect$$libinit$$00000025)
    __rt_lib_init_cpp_1                      0x0800025f   Thumb Code     0  libinit2.o(.ARM.Collect$$libinit$$00000032)
    __rt_lib_init_return                     0x0800025f   Thumb Code     0  libinit2.o(.ARM.Collect$$libinit$$00000033)
    __rt_lib_shutdown                        0x08000261   Thumb Code     0  libshutdown.o(.ARM.Collect$$libshutdown$$00000000)
    __rt_lib_shutdown_cpp_1                  0x08000263   Thumb Code     0  libshutdown2.o(.ARM.Collect$$libshutdown$$00000004)
    __rt_lib_shutdown_fini_1                 0x08000263   Thumb Code     0  libshutdown2.o(.ARM.Collect$$libshutdown$$00000002)
    __rt_lib_shutdown_fp_trap_1              0x08000263   Thumb Code     0  libshutdown2.o(.ARM.Collect$$libshutdown$$00000009)
    __rt_lib_shutdown_heap_1                 0x08000263   Thumb Code     0  libshutdown2.o(.ARM.Collect$$libshutdown$$00000011)
    __rt_lib_shutdown_return                 0x08000263   Thumb Code     0  libshutdown2.o(.ARM.Collect$$libshutdown$$00000012)
    __rt_lib_shutdown_signal_1               0x08000263   Thumb Code     0  libshutdown2.o(.ARM.Collect$$libshutdown$$0000000C)
    __rt_lib_shutdown_stdio_1                0x08000263   Thumb Code     0  libshutdown2.o(.ARM.Collect$$libshutdown$$00000006)
    __rt_lib_shutdown_user_alloc_1           0x08000263   Thumb Code     0  libshutdown2.o(.ARM.Collect$$libshutdown$$0000000E)
    __rt_entry                               0x08000265   Thumb Code     0  __rtentry.o(.ARM.Collect$$rtentry$$00000000)
    __rt_entry_presh_1                       0x08000265   Thumb Code     0  __rtentry2.o(.ARM.Collect$$rtentry$$00000002)
    __rt_entry_sh                            0x08000265   Thumb Code     0  __rtentry4.o(.ARM.Collect$$rtentry$$00000004)
    __rt_entry_li                            0x0800026b   Thumb Code     0  __rtentry2.o(.ARM.Collect$$rtentry$$0000000A)
    __rt_entry_postsh_1                      0x0800026b   Thumb Code     0  __rtentry2.o(.ARM.Collect$$rtentry$$00000009)
    __rt_entry_main                          0x0800026f   Thumb Code     0  __rtentry2.o(.ARM.Collect$$rtentry$$0000000D)
    __rt_entry_postli_1                      0x0800026f   Thumb Code     0  __rtentry2.o(.ARM.Collect$$rtentry$$0000000C)
    __rt_exit                                0x08000277   Thumb Code     0  rtexit.o(.ARM.Collect$$rtexit$$00000000)
    __rt_exit_ls                             0x08000279   Thumb Code     0  rtexit2.o(.ARM.Collect$$rtexit$$00000003)
    __rt_exit_prels_1                        0x08000279   Thumb Code     0  rtexit2.o(.ARM.Collect$$rtexit$$00000002)
    __rt_exit_exit                           0x0800027d   Thumb Code     0  rtexit2.o(.ARM.Collect$$rtexit$$00000004)
    Reset_Handler                            0x08000285   Thumb Code     8  startup_stm32f103xe.o(.text)
    _maybe_terminate_alloc                   0x08000285   Thumb Code     0  maybetermalloc1.o(.emb_text)
    ADC1_2_IRQHandler                        0x0800029f   Thumb Code     0  startup_stm32f103xe.o(.text)
    ADC3_IRQHandler                          0x0800029f   Thumb Code     0  startup_stm32f103xe.o(.text)
    CAN1_RX1_IRQHandler                      0x0800029f   Thumb Code     0  startup_stm32f103xe.o(.text)
    CAN1_SCE_IRQHandler                      0x0800029f   Thumb Code     0  startup_stm32f103xe.o(.text)
    DMA1_Channel1_IRQHandler                 0x0800029f   Thumb Code     0  startup_stm32f103xe.o(.text)
    DMA1_Channel2_IRQHandler                 0x0800029f   Thumb Code     0  startup_stm32f103xe.o(.text)
    DMA1_Channel3_IRQHandler                 0x0800029f   Thumb Code     0  startup_stm32f103xe.o(.text)
    DMA1_Channel5_IRQHandler                 0x0800029f   Thumb Code     0  startup_stm32f103xe.o(.text)
    DMA1_Channel6_IRQHandler                 0x0800029f   Thumb Code     0  startup_stm32f103xe.o(.text)
    DMA1_Channel7_IRQHandler                 0x0800029f   Thumb Code     0  startup_stm32f103xe.o(.text)
    DMA2_Channel1_IRQHandler                 0x0800029f   Thumb Code     0  startup_stm32f103xe.o(.text)
    DMA2_Channel2_IRQHandler                 0x0800029f   Thumb Code     0  startup_stm32f103xe.o(.text)
    DMA2_Channel3_IRQHandler                 0x0800029f   Thumb Code     0  startup_stm32f103xe.o(.text)
    DMA2_Channel4_5_IRQHandler               0x0800029f   Thumb Code     0  startup_stm32f103xe.o(.text)
    EXTI0_IRQHandler                         0x0800029f   Thumb Code     0  startup_stm32f103xe.o(.text)
    EXTI15_10_IRQHandler                     0x0800029f   Thumb Code     0  startup_stm32f103xe.o(.text)
    EXTI1_IRQHandler                         0x0800029f   Thumb Code     0  startup_stm32f103xe.o(.text)
    EXTI2_IRQHandler                         0x0800029f   Thumb Code     0  startup_stm32f103xe.o(.text)
    EXTI3_IRQHandler                         0x0800029f   Thumb Code     0  startup_stm32f103xe.o(.text)
    EXTI4_IRQHandler                         0x0800029f   Thumb Code     0  startup_stm32f103xe.o(.text)
    EXTI9_5_IRQHandler                       0x0800029f   Thumb Code     0  startup_stm32f103xe.o(.text)
    FLASH_IRQHandler                         0x0800029f   Thumb Code     0  startup_stm32f103xe.o(.text)
    FSMC_IRQHandler                          0x0800029f   Thumb Code     0  startup_stm32f103xe.o(.text)
    I2C1_ER_IRQHandler                       0x0800029f   Thumb Code     0  startup_stm32f103xe.o(.text)
    I2C1_EV_IRQHandler                       0x0800029f   Thumb Code     0  startup_stm32f103xe.o(.text)
    I2C2_ER_IRQHandler                       0x0800029f   Thumb Code     0  startup_stm32f103xe.o(.text)
    I2C2_EV_IRQHandler                       0x0800029f   Thumb Code     0  startup_stm32f103xe.o(.text)
    PVD_IRQHandler                           0x0800029f   Thumb Code     0  startup_stm32f103xe.o(.text)
    RCC_IRQHandler                           0x0800029f   Thumb Code     0  startup_stm32f103xe.o(.text)
    RTC_Alarm_IRQHandler                     0x0800029f   Thumb Code     0  startup_stm32f103xe.o(.text)
    RTC_IRQHandler                           0x0800029f   Thumb Code     0  startup_stm32f103xe.o(.text)
    SDIO_IRQHandler                          0x0800029f   Thumb Code     0  startup_stm32f103xe.o(.text)
    SPI1_IRQHandler                          0x0800029f   Thumb Code     0  startup_stm32f103xe.o(.text)
    SPI2_IRQHandler                          0x0800029f   Thumb Code     0  startup_stm32f103xe.o(.text)
    SPI3_IRQHandler                          0x0800029f   Thumb Code     0  startup_stm32f103xe.o(.text)
    TAMPER_IRQHandler                        0x0800029f   Thumb Code     0  startup_stm32f103xe.o(.text)
    TIM1_BRK_IRQHandler                      0x0800029f   Thumb Code     0  startup_stm32f103xe.o(.text)
    TIM1_CC_IRQHandler                       0x0800029f   Thumb Code     0  startup_stm32f103xe.o(.text)
    TIM1_TRG_COM_IRQHandler                  0x0800029f   Thumb Code     0  startup_stm32f103xe.o(.text)
    TIM1_UP_IRQHandler                       0x0800029f   Thumb Code     0  startup_stm32f103xe.o(.text)
    TIM3_IRQHandler                          0x0800029f   Thumb Code     0  startup_stm32f103xe.o(.text)
    TIM4_IRQHandler                          0x0800029f   Thumb Code     0  startup_stm32f103xe.o(.text)
    TIM5_IRQHandler                          0x0800029f   Thumb Code     0  startup_stm32f103xe.o(.text)
    TIM6_IRQHandler                          0x0800029f   Thumb Code     0  startup_stm32f103xe.o(.text)
    TIM7_IRQHandler                          0x0800029f   Thumb Code     0  startup_stm32f103xe.o(.text)
    TIM8_BRK_IRQHandler                      0x0800029f   Thumb Code     0  startup_stm32f103xe.o(.text)
    TIM8_CC_IRQHandler                       0x0800029f   Thumb Code     0  startup_stm32f103xe.o(.text)
    TIM8_TRG_COM_IRQHandler                  0x0800029f   Thumb Code     0  startup_stm32f103xe.o(.text)
    TIM8_UP_IRQHandler                       0x0800029f   Thumb Code     0  startup_stm32f103xe.o(.text)
    UART4_IRQHandler                         0x0800029f   Thumb Code     0  startup_stm32f103xe.o(.text)
    UART5_IRQHandler                         0x0800029f   Thumb Code     0  startup_stm32f103xe.o(.text)
    USART1_IRQHandler                        0x0800029f   Thumb Code     0  startup_stm32f103xe.o(.text)
    USART2_IRQHandler                        0x0800029f   Thumb Code     0  startup_stm32f103xe.o(.text)
    USART3_IRQHandler                        0x0800029f   Thumb Code     0  startup_stm32f103xe.o(.text)
    USBWakeUp_IRQHandler                     0x0800029f   Thumb Code     0  startup_stm32f103xe.o(.text)
    USB_HP_CAN1_TX_IRQHandler                0x0800029f   Thumb Code     0  startup_stm32f103xe.o(.text)
    USB_LP_CAN1_RX0_IRQHandler               0x0800029f   Thumb Code     0  startup_stm32f103xe.o(.text)
    WWDG_IRQHandler                          0x0800029f   Thumb Code     0  startup_stm32f103xe.o(.text)
    __user_initial_stackheap                 0x080002a1   Thumb Code     0  startup_stm32f103xe.o(.text)
    malloc                                   0x080002c5   Thumb Code    94  h1_alloc.o(.text)
    free                                     0x08000323   Thumb Code    78  h1_free.o(.text)
    __c89vsprintf                            0x08000371   Thumb Code    32  c89vsprintf.o(.text)
    strlen                                   0x08000395   Thumb Code    62  strlen.o(.text)
    __aeabi_memclr4                          0x080003d3   Thumb Code     0  rt_memclr_w.o(.text)
    __aeabi_memclr8                          0x080003d3   Thumb Code     0  rt_memclr_w.o(.text)
    __rt_memclr_w                            0x080003d3   Thumb Code    78  rt_memclr_w.o(.text)
    _memset_w                                0x080003d7   Thumb Code     0  rt_memclr_w.o(.text)
    __use_two_region_memory                  0x08000421   Thumb Code     2  heapauxi.o(.text)
    __rt_heap_escrow                         0x08000423   Thumb Code     2  heapauxi.o(.text)
    __rt_heap_expand                         0x08000425   Thumb Code     2  heapauxi.o(.text)
    __cpp_initialize__aeabi_                 0x08000429   Thumb Code    26  init_aeabi.o(.text)
    __rt_heap_descriptor                     0x0800044d   Thumb Code     8  rt_heap_descriptor_intlibspace.o(.text)
    __use_no_heap                            0x08000455   Thumb Code     2  hguard.o(.text)
    __heap$guard                             0x08000457   Thumb Code     2  hguard.o(.text)
    _terminate_user_alloc                    0x08000459   Thumb Code     2  init_alloc.o(.text)
    _init_user_alloc                         0x0800045b   Thumb Code     2  init_alloc.o(.text)
    __Heap_Full                              0x0800045d   Thumb Code    34  init_alloc.o(.text)
    __Heap_Broken                            0x0800047f   Thumb Code     6  init_alloc.o(.text)
    _init_alloc                              0x08000485   Thumb Code    94  init_alloc.o(.text)
    __Heap_Initialize                        0x080004e3   Thumb Code    10  h1_init.o(.text)
    __Heap_DescSize                          0x080004ed   Thumb Code     4  h1_init.o(.text)
    _printf_pre_padding                      0x080004f1   Thumb Code    44  _printf_pad.o(.text)
    _printf_post_padding                     0x0800051d   Thumb Code    34  _printf_pad.o(.text)
    _printf_truncate_signed                  0x0800053f   Thumb Code    18  _printf_truncate.o(.text)
    _printf_truncate_unsigned                0x08000551   Thumb Code    18  _printf_truncate.o(.text)
    _printf_str                              0x08000563   Thumb Code    82  _printf_str.o(.text)
    _printf_int_dec                          0x080005b5   Thumb Code   104  _printf_dec.o(.text)
    _printf_charcount                        0x0800062d   Thumb Code    40  _printf_charcount.o(.text)
    _printf_char_common                      0x0800065f   Thumb Code    32  _printf_char_common.o(.text)
    _sputc                                   0x08000685   Thumb Code    10  _sputc.o(.text)
    _printf_wctomb                           0x08000691   Thumb Code   182  _printf_wctomb.o(.text)
    _printf_longlong_dec                     0x0800074d   Thumb Code   108  _printf_longlong_dec.o(.text)
    _printf_longlong_oct                     0x080007c9   Thumb Code    66  _printf_oct_int_ll.o(.text)
    _printf_int_oct                          0x0800080b   Thumb Code    24  _printf_oct_int_ll.o(.text)
    _printf_ll_oct                           0x08000823   Thumb Code    12  _printf_oct_int_ll.o(.text)
    _printf_longlong_hex                     0x08000839   Thumb Code    86  _printf_hex_int_ll_ptr.o(.text)
    _printf_int_hex                          0x0800088f   Thumb Code    28  _printf_hex_int_ll_ptr.o(.text)
    _printf_ll_hex                           0x080008ab   Thumb Code    12  _printf_hex_int_ll_ptr.o(.text)
    _printf_hex_ptr                          0x080008b7   Thumb Code    18  _printf_hex_int_ll_ptr.o(.text)
    __printf                                 0x080008cd   Thumb Code   388  __printf_flags_ss_wp.o(.text)
    __rt_SIGPVFN                             0x08000a55   Thumb Code    14  defsig_pvfn_outer.o(.text)
    __user_libspace                          0x08000a65   Thumb Code     8  libspace.o(.text)
    __user_perproc_libspace                  0x08000a65   Thumb Code     0  libspace.o(.text)
    __user_perthread_libspace                0x08000a65   Thumb Code     0  libspace.o(.text)
    __Heap_ProvideMemory                     0x08000a6d   Thumb Code    52  h1_extend.o(.text)
    _ll_udiv10                               0x08000aa1   Thumb Code   138  lludiv10.o(.text)
    _printf_int_common                       0x08000b2b   Thumb Code   178  _printf_intcommon.o(.text)
    __lib_sel_fp_printf                      0x08000bdd   Thumb Code     2  _printf_fp_dec.o(.text)
    _printf_fp_dec_real                      0x08000d8f   Thumb Code   620  _printf_fp_dec.o(.text)
    _printf_cs_common                        0x08000ffb   Thumb Code    20  _printf_char.o(.text)
    _printf_char                             0x0800100f   Thumb Code    16  _printf_char.o(.text)
    _printf_string                           0x0800101f   Thumb Code     8  _printf_char.o(.text)
    _printf_lcs_common                       0x08001027   Thumb Code    20  _printf_wchar.o(.text)
    _printf_wchar                            0x0800103b   Thumb Code    16  _printf_wchar.o(.text)
    _printf_wstring                          0x0800104b   Thumb Code     8  _printf_wchar.o(.text)
    _wcrtomb                                 0x08001053   Thumb Code    64  _wcrtomb.o(.text)
    __sig_exit                               0x08001093   Thumb Code    10  defsig_exit.o(.text)
    __rt_SIGRTMEM                            0x0800109d   Thumb Code    14  defsig_rtmem_outer.o(.text)
    __rt_SIGPVFN_inner                       0x080010ad   Thumb Code    14  defsig_pvfn_inner.o(.text)
    _sys_exit                                0x080010dd   Thumb Code     8  sys_exit.o(.text)
    __I$use$semihosting                      0x080010e9   Thumb Code     0  use_no_semi.o(.text)
    __use_no_semihosting_swi                 0x080010e9   Thumb Code     2  use_no_semi.o(.text)
    __semihosting_library_function           0x080010eb   Thumb Code     0  indicate_semi.o(.text)
    __user_setup_stackheap                   0x080010eb   Thumb Code    74  sys_stackheap_outer.o(.text)
    __rt_ctype_table                         0x08001135   Thumb Code    16  rt_ctype_table.o(.text)
    __rt_locale                              0x08001145   Thumb Code     8  rt_locale_intlibspace.o(.text)
    _printf_fp_infnan                        0x0800114d   Thumb Code   112  _printf_fp_infnan.o(.text)
    _btod_etento                             0x080011cd   Thumb Code   224  bigflt0.o(.text)
    exit                                     0x080012b1   Thumb Code    18  exit.o(.text)
    __default_signal_display                 0x080012c3   Thumb Code    50  defsig_general.o(.text)
    __rt_SIGRTMEM_inner                      0x080012f5   Thumb Code    22  defsig_rtmem_inner.o(.text)
    _ttywrch                                 0x08001345   Thumb Code    14  sys_wrch.o(.text)
    strcmp                                   0x08001355   Thumb Code   128  strcmpv7m.o(.text)
    _btod_d2e                                0x080013d5   Thumb Code    62  btod.o(CL$$btod_d2e)
    _d2e_denorm_low                          0x08001413   Thumb Code    70  btod.o(CL$$btod_d2e_denorm_low)
    _d2e_norm_op1                            0x08001459   Thumb Code    96  btod.o(CL$$btod_d2e_norm_op1)
    __btod_div_common                        0x080014b9   Thumb Code   696  btod.o(CL$$btod_div_common)
    _e2e                                     0x080017f1   Thumb Code   220  btod.o(CL$$btod_e2e)
    _btod_ediv                               0x080018cd   Thumb Code    42  btod.o(CL$$btod_ediv)
    _btod_emul                               0x080018f7   Thumb Code    42  btod.o(CL$$btod_emul)
    __btod_mult_common                       0x08001921   Thumb Code   580  btod.o(CL$$btod_mult_common)
    BusFault_Handler                         0x08001b65   Thumb Code     2  stm32f1xx_it.o(i.BusFault_Handler)
    DMA1_Channel4_IRQHandler                 0x08001b69   Thumb Code     6  stm32f1xx_it.o(i.DMA1_Channel4_IRQHandler)
    DebugMon_Handler                         0x08001b75   Thumb Code     2  stm32f1xx_it.o(i.DebugMon_Handler)
    Error_Handler                            0x08001b77   Thumb Code     4  main.o(i.Error_Handler)
    HAL_DMA_IRQHandler                       0x08001b7d   Thumb Code   552  stm32f1xx_hal_dma.o(i.HAL_DMA_IRQHandler)
    HAL_DMA_Init                             0x08001dc5   Thumb Code   112  stm32f1xx_hal_dma.o(i.HAL_DMA_Init)
    HAL_GPIO_Init                            0x08001e41   Thumb Code   462  stm32f1xx_hal_gpio.o(i.HAL_GPIO_Init)
    HAL_GPIO_WritePin                        0x08002039   Thumb Code    10  stm32f1xx_hal_gpio.o(i.HAL_GPIO_WritePin)
    HAL_GetTick                              0x08002045   Thumb Code     6  stm32f1xx_hal.o(i.HAL_GetTick)
    HAL_IncTick                              0x08002051   Thumb Code    12  stm32f1xx_hal.o(i.HAL_IncTick)
    HAL_Init                                 0x08002061   Thumb Code    32  stm32f1xx_hal.o(i.HAL_Init)
    HAL_InitTick                             0x08002085   Thumb Code    54  stm32f1xx_hal.o(i.HAL_InitTick)
    HAL_MspInit                              0x080020c5   Thumb Code    52  stm32f1xx_hal_msp.o(i.HAL_MspInit)
    HAL_NVIC_EnableIRQ                       0x08002101   Thumb Code    26  stm32f1xx_hal_cortex.o(i.HAL_NVIC_EnableIRQ)
    HAL_NVIC_SetPriority                     0x0800211d   Thumb Code    60  stm32f1xx_hal_cortex.o(i.HAL_NVIC_SetPriority)
    HAL_NVIC_SetPriorityGrouping             0x0800215d   Thumb Code    26  stm32f1xx_hal_cortex.o(i.HAL_NVIC_SetPriorityGrouping)
    HAL_RCC_ClockConfig                      0x08002181   Thumb Code   280  stm32f1xx_hal_rcc.o(i.HAL_RCC_ClockConfig)
    HAL_RCC_GetPCLK1Freq                     0x080022ad   Thumb Code    20  stm32f1xx_hal_rcc.o(i.HAL_RCC_GetPCLK1Freq)
    HAL_RCC_GetPCLK2Freq                     0x080022cd   Thumb Code    20  stm32f1xx_hal_rcc.o(i.HAL_RCC_GetPCLK2Freq)
    HAL_RCC_GetSysClockFreq                  0x080022ed   Thumb Code    74  stm32f1xx_hal_rcc.o(i.HAL_RCC_GetSysClockFreq)
    HAL_RCC_OscConfig                        0x08002359   Thumb Code   778  stm32f1xx_hal_rcc.o(i.HAL_RCC_OscConfig)
    HAL_SYSTICK_Config                       0x08002679   Thumb Code    40  stm32f1xx_hal_cortex.o(i.HAL_SYSTICK_Config)
    HAL_TIMEx_BreakCallback                  0x080026a1   Thumb Code     2  stm32f1xx_hal_tim_ex.o(i.HAL_TIMEx_BreakCallback)
    HAL_TIMEx_CommutCallback                 0x080026a3   Thumb Code     2  stm32f1xx_hal_tim_ex.o(i.HAL_TIMEx_CommutCallback)
    HAL_TIMEx_MasterConfigSynchronization    0x080026a5   Thumb Code   104  stm32f1xx_hal_tim_ex.o(i.HAL_TIMEx_MasterConfigSynchronization)
    HAL_TIM_Base_Init                        0x08002721   Thumb Code    90  stm32f1xx_hal_tim.o(i.HAL_TIM_Base_Init)
    HAL_TIM_Base_MspInit                     0x0800277d   Thumb Code    50  tim.o(i.HAL_TIM_Base_MspInit)
    HAL_TIM_ConfigClockSource                0x080027b5   Thumb Code   214  stm32f1xx_hal_tim.o(i.HAL_TIM_ConfigClockSource)
    HAL_TIM_IC_CaptureCallback               0x0800288b   Thumb Code     2  stm32f1xx_hal_tim.o(i.HAL_TIM_IC_CaptureCallback)
    HAL_TIM_IRQHandler                       0x0800288d   Thumb Code   358  stm32f1xx_hal_tim.o(i.HAL_TIM_IRQHandler)
    HAL_TIM_OC_DelayElapsedCallback          0x080029f3   Thumb Code     2  stm32f1xx_hal_tim.o(i.HAL_TIM_OC_DelayElapsedCallback)
    HAL_TIM_PWM_PulseFinishedCallback        0x080029f5   Thumb Code     2  stm32f1xx_hal_tim.o(i.HAL_TIM_PWM_PulseFinishedCallback)
    HAL_TIM_PeriodElapsedCallback            0x080029f7   Thumb Code     2  stm32f1xx_hal_tim.o(i.HAL_TIM_PeriodElapsedCallback)
    HAL_TIM_TriggerCallback                  0x080029f9   Thumb Code     2  stm32f1xx_hal_tim.o(i.HAL_TIM_TriggerCallback)
    HAL_UART_Init                            0x080029fb   Thumb Code    98  stm32f1xx_hal_uart.o(i.HAL_UART_Init)
    HAL_UART_MspInit                         0x08002a5d   Thumb Code   140  usart.o(i.HAL_UART_MspInit)
    HAL_UART_Transmit                        0x08002afd   Thumb Code   178  stm32f1xx_hal_uart.o(i.HAL_UART_Transmit)
    HardFault_Handler                        0x08002baf   Thumb Code     2  stm32f1xx_it.o(i.HardFault_Handler)
    MX_DMA_Init                              0x08002bb1   Thumb Code    40  dma.o(i.MX_DMA_Init)
    MX_GPIO_Init                             0x08002bdd   Thumb Code   136  gpio.o(i.MX_GPIO_Init)
    MX_TIM2_Init                             0x08002c71   Thumb Code    96  tim.o(i.MX_TIM2_Init)
    MX_USART1_UART_Init                      0x08002cd5   Thumb Code    48  usart.o(i.MX_USART1_UART_Init)
    MainInit                                 0x08002d0d   Thumb Code    24  mainsystem.o(i.MainInit)
    MainSystem                               0x08002d39   Thumb Code     2  mainsystem.o(i.MainSystem)
    MemManage_Handler                        0x08002d3b   Thumb Code     2  stm32f1xx_it.o(i.MemManage_Handler)
    NMI_Handler                              0x08002d3d   Thumb Code     2  stm32f1xx_it.o(i.NMI_Handler)
    PendSV_Handler                           0x08002d3f   Thumb Code     2  stm32f1xx_it.o(i.PendSV_Handler)
    SVC_Handler                              0x08002d41   Thumb Code     2  stm32f1xx_it.o(i.SVC_Handler)
    SysTick_Handler                          0x08002d43   Thumb Code     4  stm32f1xx_it.o(i.SysTick_Handler)
    SystemClock_Config                       0x08002d47   Thumb Code    94  main.o(i.SystemClock_Config)
    SystemInit                               0x08002da5   Thumb Code     2  system_stm32f1xx.o(i.SystemInit)
    TIM2_IRQHandler                          0x08002da9   Thumb Code     6  stm32f1xx_it.o(i.TIM2_IRQHandler)
    TIM_Base_SetConfig                       0x08002db5   Thumb Code   120  stm32f1xx_hal_tim.o(i.TIM_Base_SetConfig)
    TIM_ETR_SetConfig                        0x08002e41   Thumb Code    20  stm32f1xx_hal_tim.o(i.TIM_ETR_SetConfig)
    UsageFault_Handler                       0x08002fc9   Thumb Code     2  stm32f1xx_it.o(i.UsageFault_Handler)
    bsp_PrintArt::print(const char*, ...)    0x08002fcb   Thumb Code    62  bsp_printart.o(i._ZN12bsp_PrintArt5printEPKcz)
    bsp_PrintArt::bsp_PrintArt__sub_object() 0x08003009   Thumb Code    10  bsp_printart.o(i._ZN12bsp_PrintArtC2Ev)
    bsp_PrintArt_STM32::Transmit(unsigned char*, unsigned) 0x08003019   Thumb Code    10  bsp_printart.o(i._ZN18bsp_PrintArt_STM328TransmitEPhj)
    bsp_PrintArt_STM32::bsp_PrintArt_STM32(__UART_HandleTypeDef*) 0x08003025   Thumb Code    16  bsp_printart.o(i._ZN18bsp_PrintArt_STM32C1EP20__UART_HandleTypeDef)
    bsp_PrintArt_STM32::bsp_PrintArt_STM32__sub_object(__UART_HandleTypeDef*) 0x08003025   Thumb Code     0  bsp_printart.o(i._ZN18bsp_PrintArt_STM32C1EP20__UART_HandleTypeDef)
    __ARM_fpclassify                         0x08003039   Thumb Code    40  fpclassify.o(i.__ARM_fpclassify)
    __cxa_pure_virtual                       0x08003081   Thumb Code     6  pure_virt.o(i.__cxa_pure_virtual)
    _is_digit                                0x08003099   Thumb Code    14  __printf_wp.o(i._is_digit)
    main                                     0x080030a7   Thumb Code    34  main.o(i.main)
    _get_lc_numeric                          0x080030c9   Thumb Code    44  lc_numeric_c.o(locale$$code)
    _get_lc_ctype                            0x080030f5   Thumb Code    44  lc_ctype_c.o(locale$$code)
    _printf_fp_dec                           0x08003121   Thumb Code     4  printf1.o(x$fpl$printf1)
    AHBPrescTable                            0x08003124   Data          16  system_stm32f1xx.o(.constdata)
    __I$use$fp                               0x08003124   Number         0  usenofp.o(x$fpl$usenofp)
    APBPrescTable                            0x08003134   Data           8  system_stm32f1xx.o(.constdata)
    vtable for bsp_PrintArt                  0x08003214   Data          12  bsp_printart.o(.constdata__ZTV12bsp_PrintArt)
    vtable for bsp_PrintArt_STM32            0x08003220   Data          12  bsp_printart.o(.constdata__ZTV18bsp_PrintArt_STM32)
    Region$$Table$$Base                      0x0800322c   Number         0  anon$$obj.o(Region$$Table)
    Region$$Table$$Limit                     0x0800324c   Number         0  anon$$obj.o(Region$$Table)
    __ctype                                  0x08003275   Data           0  lc_ctype_c.o(locale$$data)
    SHT$$INIT_ARRAY$$Base                    0x08003378   Number         0  mainsystem.o(.init_array)
    SHT$$INIT_ARRAY$$Limit                   0x0800337c   Number         0  init_aeabi.o(.init_array)
    uwTickFreq                               0x20000000   Data           1  stm32f1xx_hal.o(.data)
    uwTickPrio                               0x20000004   Data           4  stm32f1xx_hal.o(.data)
    uwTick                                   0x20000008   Data           4  stm32f1xx_hal.o(.data)
    SystemCoreClock                          0x2000000c   Data           4  system_stm32f1xx.o(.data)
    htim2                                    0x20000010   Data          72  tim.o(.bss)
    huart1                                   0x20000058   Data          68  usart.o(.bss)
    hdma_usart1_tx                           0x2000009c   Data          68  usart.o(.bss)
    com                                      0x200000e0   Data          12  mainsystem.o(.bss)
    __libspace_start                         0x200000ec   Data          96  libspace.o(.bss)
    __temporary_stack_top$libspace           0x2000014c   Data           0  libspace.o(.bss)



==============================================================================

Memory Map of the image

  Image Entry point : 0x08000131

  Load Region LR_IROM1 (Base: 0x08000000, Size: 0x0000338c, Max: 0x00040000, ABSOLUTE)

    Execution Region ER_IROM1 (Exec base: 0x08000000, Load base: 0x08000000, Size: 0x0000337c, Max: 0x00040000, ABSOLUTE)

    Exec Addr    Load Addr    Size         Type   Attr      Idx    E Section Name        Object

    0x08000000   0x08000000   0x00000130   Data   RO         3076    RESET               startup_stm32f103xe.o
    0x08000130   0x08000130   0x00000008   Code   RO         3155  * !!!main             c_w.l(__main.o)
    0x08000138   0x08000138   0x00000034   Code   RO         3674    !!!scatter          c_w.l(__scatter.o)
    0x0800016c   0x0800016c   0x0000001a   Code   RO         3676    !!handler_copy      c_w.l(__scatter_copy.o)
    0x08000186   0x08000186   0x00000002   PAD
    0x08000188   0x08000188   0x0000001c   Code   RO         3678    !!handler_zi        c_w.l(__scatter_zi.o)
    0x080001a4   0x080001a4   0x00000000   Code   RO         3381    .ARM.Collect$$_printf_percent$$00000000  c_w.l(_printf_percent.o)
    0x080001a4   0x080001a4   0x00000006   Code   RO         3370    .ARM.Collect$$_printf_percent$$00000001  c_w.l(_printf_n.o)
    0x080001aa   0x080001aa   0x00000006   Code   RO         3372    .ARM.Collect$$_printf_percent$$00000002  c_w.l(_printf_p.o)
    0x080001b0   0x080001b0   0x00000006   Code   RO         3377    .ARM.Collect$$_printf_percent$$00000003  c_w.l(_printf_f.o)
    0x080001b6   0x080001b6   0x00000006   Code   RO         3378    .ARM.Collect$$_printf_percent$$00000004  c_w.l(_printf_e.o)
    0x080001bc   0x080001bc   0x00000006   Code   RO         3379    .ARM.Collect$$_printf_percent$$00000005  c_w.l(_printf_g.o)
    0x080001c2   0x080001c2   0x00000006   Code   RO         3380    .ARM.Collect$$_printf_percent$$00000006  c_w.l(_printf_a.o)
    0x080001c8   0x080001c8   0x0000000a   Code   RO         3385    .ARM.Collect$$_printf_percent$$00000007  c_w.l(_printf_ll.o)
    0x080001d2   0x080001d2   0x00000006   Code   RO         3374    .ARM.Collect$$_printf_percent$$00000008  c_w.l(_printf_i.o)
    0x080001d8   0x080001d8   0x00000006   Code   RO         3375    .ARM.Collect$$_printf_percent$$00000009  c_w.l(_printf_d.o)
    0x080001de   0x080001de   0x00000006   Code   RO         3376    .ARM.Collect$$_printf_percent$$0000000A  c_w.l(_printf_u.o)
    0x080001e4   0x080001e4   0x00000006   Code   RO         3373    .ARM.Collect$$_printf_percent$$0000000B  c_w.l(_printf_o.o)
    0x080001ea   0x080001ea   0x00000006   Code   RO         3371    .ARM.Collect$$_printf_percent$$0000000C  c_w.l(_printf_x.o)
    0x080001f0   0x080001f0   0x00000006   Code   RO         3382    .ARM.Collect$$_printf_percent$$0000000D  c_w.l(_printf_lli.o)
    0x080001f6   0x080001f6   0x00000006   Code   RO         3383    .ARM.Collect$$_printf_percent$$0000000E  c_w.l(_printf_lld.o)
    0x080001fc   0x080001fc   0x00000006   Code   RO         3384    .ARM.Collect$$_printf_percent$$0000000F  c_w.l(_printf_llu.o)
    0x08000202   0x08000202   0x00000006   Code   RO         3389    .ARM.Collect$$_printf_percent$$00000010  c_w.l(_printf_llo.o)
    0x08000208   0x08000208   0x00000006   Code   RO         3390    .ARM.Collect$$_printf_percent$$00000011  c_w.l(_printf_llx.o)
    0x0800020e   0x0800020e   0x0000000a   Code   RO         3386    .ARM.Collect$$_printf_percent$$00000012  c_w.l(_printf_l.o)
    0x08000218   0x08000218   0x00000006   Code   RO         3368    .ARM.Collect$$_printf_percent$$00000013  c_w.l(_printf_c.o)
    0x0800021e   0x0800021e   0x00000006   Code   RO         3369    .ARM.Collect$$_printf_percent$$00000014  c_w.l(_printf_s.o)
    0x08000224   0x08000224   0x00000006   Code   RO         3387    .ARM.Collect$$_printf_percent$$00000015  c_w.l(_printf_lc.o)
    0x0800022a   0x0800022a   0x00000006   Code   RO         3388    .ARM.Collect$$_printf_percent$$00000016  c_w.l(_printf_ls.o)
    0x08000230   0x08000230   0x00000004   Code   RO         3501    .ARM.Collect$$_printf_percent$$00000017  c_w.l(_printf_percent_end.o)
    0x08000234   0x08000234   0x00000002   Code   RO         3602    .ARM.Collect$$libinit$$00000000  c_w.l(libinit.o)
    0x08000236   0x08000236   0x00000000   Code   RO         3400    .ARM.Collect$$libinit$$00000002  c_w.l(libinit2.o)
    0x08000236   0x08000236   0x00000000   Code   RO         3402    .ARM.Collect$$libinit$$00000004  c_w.l(libinit2.o)
    0x08000236   0x08000236   0x00000008   Code   RO         3403    .ARM.Collect$$libinit$$00000005  c_w.l(libinit2.o)
    0x0800023e   0x0800023e   0x00000000   Code   RO         3405    .ARM.Collect$$libinit$$0000000A  c_w.l(libinit2.o)
    0x0800023e   0x0800023e   0x00000000   Code   RO         3407    .ARM.Collect$$libinit$$0000000C  c_w.l(libinit2.o)
    0x0800023e   0x0800023e   0x00000000   Code   RO         3409    .ARM.Collect$$libinit$$0000000E  c_w.l(libinit2.o)
    0x0800023e   0x0800023e   0x00000006   Code   RO         3410    .ARM.Collect$$libinit$$0000000F  c_w.l(libinit2.o)
    0x08000244   0x08000244   0x00000000   Code   RO         3412    .ARM.Collect$$libinit$$00000011  c_w.l(libinit2.o)
    0x08000244   0x08000244   0x0000000c   Code   RO         3413    .ARM.Collect$$libinit$$00000012  c_w.l(libinit2.o)
    0x08000250   0x08000250   0x00000000   Code   RO         3414    .ARM.Collect$$libinit$$00000013  c_w.l(libinit2.o)
    0x08000250   0x08000250   0x00000000   Code   RO         3416    .ARM.Collect$$libinit$$00000015  c_w.l(libinit2.o)
    0x08000250   0x08000250   0x0000000a   Code   RO         3417    .ARM.Collect$$libinit$$00000016  c_w.l(libinit2.o)
    0x0800025a   0x0800025a   0x00000000   Code   RO         3418    .ARM.Collect$$libinit$$00000017  c_w.l(libinit2.o)
    0x0800025a   0x0800025a   0x00000000   Code   RO         3420    .ARM.Collect$$libinit$$00000019  c_w.l(libinit2.o)
    0x0800025a   0x0800025a   0x00000000   Code   RO         3422    .ARM.Collect$$libinit$$0000001B  c_w.l(libinit2.o)
    0x0800025a   0x0800025a   0x00000000   Code   RO         3424    .ARM.Collect$$libinit$$0000001D  c_w.l(libinit2.o)
    0x0800025a   0x0800025a   0x00000000   Code   RO         3426    .ARM.Collect$$libinit$$0000001F  c_w.l(libinit2.o)
    0x0800025a   0x0800025a   0x00000000   Code   RO         3428    .ARM.Collect$$libinit$$00000021  c_w.l(libinit2.o)
    0x0800025a   0x0800025a   0x00000000   Code   RO         3430    .ARM.Collect$$libinit$$00000023  c_w.l(libinit2.o)
    0x0800025a   0x0800025a   0x00000000   Code   RO         3432    .ARM.Collect$$libinit$$00000025  c_w.l(libinit2.o)
    0x0800025a   0x0800025a   0x00000000   Code   RO         3436    .ARM.Collect$$libinit$$0000002C  c_w.l(libinit2.o)
    0x0800025a   0x0800025a   0x00000000   Code   RO         3438    .ARM.Collect$$libinit$$0000002E  c_w.l(libinit2.o)
    0x0800025a   0x0800025a   0x00000000   Code   RO         3440    .ARM.Collect$$libinit$$00000030  c_w.l(libinit2.o)
    0x0800025a   0x0800025a   0x00000004   Code   RO         3441    .ARM.Collect$$libinit$$00000031  c_w.l(libinit2.o)
    0x0800025e   0x0800025e   0x00000000   Code   RO         3442    .ARM.Collect$$libinit$$00000032  c_w.l(libinit2.o)
    0x0800025e   0x0800025e   0x00000002   Code   RO         3443    .ARM.Collect$$libinit$$00000033  c_w.l(libinit2.o)
    0x08000260   0x08000260   0x00000002   Code   RO         3671    .ARM.Collect$$libshutdown$$00000000  c_w.l(libshutdown.o)
    0x08000262   0x08000262   0x00000000   Code   RO         3631    .ARM.Collect$$libshutdown$$00000002  c_w.l(libshutdown2.o)
    0x08000262   0x08000262   0x00000000   Code   RO         3633    .ARM.Collect$$libshutdown$$00000004  c_w.l(libshutdown2.o)
    0x08000262   0x08000262   0x00000000   Code   RO         3635    .ARM.Collect$$libshutdown$$00000006  c_w.l(libshutdown2.o)
    0x08000262   0x08000262   0x00000000   Code   RO         3638    .ARM.Collect$$libshutdown$$00000009  c_w.l(libshutdown2.o)
    0x08000262   0x08000262   0x00000000   Code   RO         3641    .ARM.Collect$$libshutdown$$0000000C  c_w.l(libshutdown2.o)
    0x08000262   0x08000262   0x00000000   Code   RO         3643    .ARM.Collect$$libshutdown$$0000000E  c_w.l(libshutdown2.o)
    0x08000262   0x08000262   0x00000000   Code   RO         3646    .ARM.Collect$$libshutdown$$00000011  c_w.l(libshutdown2.o)
    0x08000262   0x08000262   0x00000002   Code   RO         3647    .ARM.Collect$$libshutdown$$00000012  c_w.l(libshutdown2.o)
    0x08000264   0x08000264   0x00000000   Code   RO         3274    .ARM.Collect$$rtentry$$00000000  c_w.l(__rtentry.o)
    0x08000264   0x08000264   0x00000000   Code   RO         3465    .ARM.Collect$$rtentry$$00000002  c_w.l(__rtentry2.o)
    0x08000264   0x08000264   0x00000006   Code   RO         3477    .ARM.Collect$$rtentry$$00000004  c_w.l(__rtentry4.o)
    0x0800026a   0x0800026a   0x00000000   Code   RO         3467    .ARM.Collect$$rtentry$$00000009  c_w.l(__rtentry2.o)
    0x0800026a   0x0800026a   0x00000004   Code   RO         3468    .ARM.Collect$$rtentry$$0000000A  c_w.l(__rtentry2.o)
    0x0800026e   0x0800026e   0x00000000   Code   RO         3470    .ARM.Collect$$rtentry$$0000000C  c_w.l(__rtentry2.o)
    0x0800026e   0x0800026e   0x00000008   Code   RO         3471    .ARM.Collect$$rtentry$$0000000D  c_w.l(__rtentry2.o)
    0x08000276   0x08000276   0x00000002   Code   RO         3613    .ARM.Collect$$rtexit$$00000000  c_w.l(rtexit.o)
    0x08000278   0x08000278   0x00000000   Code   RO         3649    .ARM.Collect$$rtexit$$00000002  c_w.l(rtexit2.o)
    0x08000278   0x08000278   0x00000004   Code   RO         3650    .ARM.Collect$$rtexit$$00000003  c_w.l(rtexit2.o)
    0x0800027c   0x0800027c   0x00000006   Code   RO         3651    .ARM.Collect$$rtexit$$00000004  c_w.l(rtexit2.o)
    0x08000282   0x08000282   0x00000002   PAD
    0x08000284   0x08000284   0x00000000   Code   RO         3483    .emb_text           c_w.l(maybetermalloc1.o)
    0x08000284   0x08000284   0x00000040   Code   RO         3077    .text               startup_stm32f103xe.o
    0x080002c4   0x080002c4   0x0000005e   Code   RO         3087    .text               c_w.l(h1_alloc.o)
    0x08000322   0x08000322   0x0000004e   Code   RO         3089    .text               c_w.l(h1_free.o)
    0x08000370   0x08000370   0x00000024   Code   RO         3147    .text               c_w.l(c89vsprintf.o)
    0x08000394   0x08000394   0x0000003e   Code   RO         3149    .text               c_w.l(strlen.o)
    0x080003d2   0x080003d2   0x0000004e   Code   RO         3151    .text               c_w.l(rt_memclr_w.o)
    0x08000420   0x08000420   0x00000006   Code   RO         3153    .text               c_w.l(heapauxi.o)
    0x08000426   0x08000426   0x00000002   PAD
    0x08000428   0x08000428   0x00000024   Code   RO         3160    .text               c_w.l(init_aeabi.o)
    0x0800044c   0x0800044c   0x00000008   Code   RO         3278    .text               c_w.l(rt_heap_descriptor_intlibspace.o)
    0x08000454   0x08000454   0x00000004   Code   RO         3280    .text               c_w.l(hguard.o)
    0x08000458   0x08000458   0x0000008a   Code   RO         3282    .text               c_w.l(init_alloc.o)
    0x080004e2   0x080004e2   0x0000000e   Code   RO         3286    .text               c_w.l(h1_init.o)
    0x080004f0   0x080004f0   0x0000004e   Code   RO         3302    .text               c_w.l(_printf_pad.o)
    0x0800053e   0x0800053e   0x00000024   Code   RO         3304    .text               c_w.l(_printf_truncate.o)
    0x08000562   0x08000562   0x00000052   Code   RO         3306    .text               c_w.l(_printf_str.o)
    0x080005b4   0x080005b4   0x00000078   Code   RO         3308    .text               c_w.l(_printf_dec.o)
    0x0800062c   0x0800062c   0x00000028   Code   RO         3310    .text               c_w.l(_printf_charcount.o)
    0x08000654   0x08000654   0x00000030   Code   RO         3312    .text               c_w.l(_printf_char_common.o)
    0x08000684   0x08000684   0x0000000a   Code   RO         3314    .text               c_w.l(_sputc.o)
    0x0800068e   0x0800068e   0x00000002   PAD
    0x08000690   0x08000690   0x000000bc   Code   RO         3316    .text               c_w.l(_printf_wctomb.o)
    0x0800074c   0x0800074c   0x0000007c   Code   RO         3319    .text               c_w.l(_printf_longlong_dec.o)
    0x080007c8   0x080007c8   0x00000070   Code   RO         3325    .text               c_w.l(_printf_oct_int_ll.o)
    0x08000838   0x08000838   0x00000094   Code   RO         3345    .text               c_w.l(_printf_hex_int_ll_ptr.o)
    0x080008cc   0x080008cc   0x00000188   Code   RO         3365    .text               c_w.l(__printf_flags_ss_wp.o)
    0x08000a54   0x08000a54   0x0000000e   Code   RO         3391    .text               c_w.l(defsig_pvfn_outer.o)
    0x08000a62   0x08000a62   0x00000002   PAD
    0x08000a64   0x08000a64   0x00000008   Code   RO         3461    .text               c_w.l(libspace.o)
    0x08000a6c   0x08000a6c   0x00000034   Code   RO         3485    .text               c_w.l(h1_extend.o)
    0x08000aa0   0x08000aa0   0x0000008a   Code   RO         3489    .text               c_w.l(lludiv10.o)
    0x08000b2a   0x08000b2a   0x000000b2   Code   RO         3491    .text               c_w.l(_printf_intcommon.o)
    0x08000bdc   0x08000bdc   0x0000041e   Code   RO         3493    .text               c_w.l(_printf_fp_dec.o)
    0x08000ffa   0x08000ffa   0x0000002c   Code   RO         3497    .text               c_w.l(_printf_char.o)
    0x08001026   0x08001026   0x0000002c   Code   RO         3499    .text               c_w.l(_printf_wchar.o)
    0x08001052   0x08001052   0x00000040   Code   RO         3502    .text               c_w.l(_wcrtomb.o)
    0x08001092   0x08001092   0x0000000a   Code   RO         3504    .text               c_w.l(defsig_exit.o)
    0x0800109c   0x0800109c   0x0000000e   Code   RO         3506    .text               c_w.l(defsig_rtmem_outer.o)
    0x080010aa   0x080010aa   0x00000002   PAD
    0x080010ac   0x080010ac   0x00000030   Code   RO         3510    .text               c_w.l(defsig_pvfn_inner.o)
    0x080010dc   0x080010dc   0x0000000c   Code   RO         3532    .text               c_w.l(sys_exit.o)
    0x080010e8   0x080010e8   0x00000002   Code   RO         3534    .text               c_w.l(use_no_semi.o)
    0x080010ea   0x080010ea   0x00000000   Code   RO         3536    .text               c_w.l(indicate_semi.o)
    0x080010ea   0x080010ea   0x0000004a   Code   RO         3537    .text               c_w.l(sys_stackheap_outer.o)
    0x08001134   0x08001134   0x00000010   Code   RO         3539    .text               c_w.l(rt_ctype_table.o)
    0x08001144   0x08001144   0x00000008   Code   RO         3544    .text               c_w.l(rt_locale_intlibspace.o)
    0x0800114c   0x0800114c   0x00000080   Code   RO         3553    .text               c_w.l(_printf_fp_infnan.o)
    0x080011cc   0x080011cc   0x000000e4   Code   RO         3555    .text               c_w.l(bigflt0.o)
    0x080012b0   0x080012b0   0x00000012   Code   RO         3583    .text               c_w.l(exit.o)
    0x080012c2   0x080012c2   0x00000032   Code   RO         3589    .text               c_w.l(defsig_general.o)
    0x080012f4   0x080012f4   0x00000050   Code   RO         3591    .text               c_w.l(defsig_rtmem_inner.o)
    0x08001344   0x08001344   0x0000000e   Code   RO         3611    .text               c_w.l(sys_wrch.o)
    0x08001352   0x08001352   0x00000002   PAD
    0x08001354   0x08001354   0x00000080   Code   RO         3628    .text               c_w.l(strcmpv7m.o)
    0x080013d4   0x080013d4   0x0000003e   Code   RO         3558    CL$$btod_d2e        c_w.l(btod.o)
    0x08001412   0x08001412   0x00000046   Code   RO         3560    CL$$btod_d2e_denorm_low  c_w.l(btod.o)
    0x08001458   0x08001458   0x00000060   Code   RO         3559    CL$$btod_d2e_norm_op1  c_w.l(btod.o)
    0x080014b8   0x080014b8   0x00000338   Code   RO         3568    CL$$btod_div_common  c_w.l(btod.o)
    0x080017f0   0x080017f0   0x000000dc   Code   RO         3565    CL$$btod_e2e        c_w.l(btod.o)
    0x080018cc   0x080018cc   0x0000002a   Code   RO         3562    CL$$btod_ediv       c_w.l(btod.o)
    0x080018f6   0x080018f6   0x0000002a   Code   RO         3561    CL$$btod_emul       c_w.l(btod.o)
    0x08001920   0x08001920   0x00000244   Code   RO         3567    CL$$btod_mult_common  c_w.l(btod.o)
    0x08001b64   0x08001b64   0x00000002   Code   RO          292    i.BusFault_Handler  stm32f1xx_it.o
    0x08001b66   0x08001b66   0x00000002   PAD
    0x08001b68   0x08001b68   0x0000000c   Code   RO          293    i.DMA1_Channel4_IRQHandler  stm32f1xx_it.o
    0x08001b74   0x08001b74   0x00000002   Code   RO          294    i.DebugMon_Handler  stm32f1xx_it.o
    0x08001b76   0x08001b76   0x00000004   Code   RO            4    i.Error_Handler     main.o
    0x08001b7a   0x08001b7a   0x00000002   PAD
    0x08001b7c   0x08001b7c   0x00000248   Code   RO         1797    i.HAL_DMA_IRQHandler  stm32f1xx_hal_dma.o
    0x08001dc4   0x08001dc4   0x0000007c   Code   RO         1798    i.HAL_DMA_Init      stm32f1xx_hal_dma.o
    0x08001e40   0x08001e40   0x000001f8   Code   RO         1728    i.HAL_GPIO_Init     stm32f1xx_hal_gpio.o
    0x08002038   0x08002038   0x0000000a   Code   RO         1732    i.HAL_GPIO_WritePin  stm32f1xx_hal_gpio.o
    0x08002042   0x08002042   0x00000002   PAD
    0x08002044   0x08002044   0x0000000c   Code   RO         1424    i.HAL_GetTick       stm32f1xx_hal.o
    0x08002050   0x08002050   0x00000010   Code   RO         1430    i.HAL_IncTick       stm32f1xx_hal.o
    0x08002060   0x08002060   0x00000024   Code   RO         1431    i.HAL_Init          stm32f1xx_hal.o
    0x08002084   0x08002084   0x00000040   Code   RO         1432    i.HAL_InitTick      stm32f1xx_hal.o
    0x080020c4   0x080020c4   0x0000003c   Code   RO          380    i.HAL_MspInit       stm32f1xx_hal_msp.o
    0x08002100   0x08002100   0x0000001a   Code   RO         1888    i.HAL_NVIC_EnableIRQ  stm32f1xx_hal_cortex.o
    0x0800211a   0x0800211a   0x00000002   PAD
    0x0800211c   0x0800211c   0x00000040   Code   RO         1894    i.HAL_NVIC_SetPriority  stm32f1xx_hal_cortex.o
    0x0800215c   0x0800215c   0x00000024   Code   RO         1895    i.HAL_NVIC_SetPriorityGrouping  stm32f1xx_hal_cortex.o
    0x08002180   0x08002180   0x0000012c   Code   RO         1588    i.HAL_RCC_ClockConfig  stm32f1xx_hal_rcc.o
    0x080022ac   0x080022ac   0x00000020   Code   RO         1595    i.HAL_RCC_GetPCLK1Freq  stm32f1xx_hal_rcc.o
    0x080022cc   0x080022cc   0x00000020   Code   RO         1596    i.HAL_RCC_GetPCLK2Freq  stm32f1xx_hal_rcc.o
    0x080022ec   0x080022ec   0x0000006c   Code   RO         1597    i.HAL_RCC_GetSysClockFreq  stm32f1xx_hal_rcc.o
    0x08002358   0x08002358   0x00000320   Code   RO         1600    i.HAL_RCC_OscConfig  stm32f1xx_hal_rcc.o
    0x08002678   0x08002678   0x00000028   Code   RO         1899    i.HAL_SYSTICK_Config  stm32f1xx_hal_cortex.o
    0x080026a0   0x080026a0   0x00000002   Code   RO         1146    i.HAL_TIMEx_BreakCallback  stm32f1xx_hal_tim_ex.o
    0x080026a2   0x080026a2   0x00000002   Code   RO         1147    i.HAL_TIMEx_CommutCallback  stm32f1xx_hal_tim_ex.o
    0x080026a4   0x080026a4   0x0000007c   Code   RO         1165    i.HAL_TIMEx_MasterConfigSynchronization  stm32f1xx_hal_tim_ex.o
    0x08002720   0x08002720   0x0000005a   Code   RO          442    i.HAL_TIM_Base_Init  stm32f1xx_hal_tim.o
    0x0800277a   0x0800277a   0x00000002   PAD
    0x0800277c   0x0800277c   0x00000038   Code   RO          209    i.HAL_TIM_Base_MspInit  tim.o
    0x080027b4   0x080027b4   0x000000d6   Code   RO          451    i.HAL_TIM_ConfigClockSource  stm32f1xx_hal_tim.o
    0x0800288a   0x0800288a   0x00000002   Code   RO          476    i.HAL_TIM_IC_CaptureCallback  stm32f1xx_hal_tim.o
    0x0800288c   0x0800288c   0x00000166   Code   RO          490    i.HAL_TIM_IRQHandler  stm32f1xx_hal_tim.o
    0x080029f2   0x080029f2   0x00000002   Code   RO          493    i.HAL_TIM_OC_DelayElapsedCallback  stm32f1xx_hal_tim.o
    0x080029f4   0x080029f4   0x00000002   Code   RO          520    i.HAL_TIM_PWM_PulseFinishedCallback  stm32f1xx_hal_tim.o
    0x080029f6   0x080029f6   0x00000002   Code   RO          528    i.HAL_TIM_PeriodElapsedCallback  stm32f1xx_hal_tim.o
    0x080029f8   0x080029f8   0x00000002   Code   RO          533    i.HAL_TIM_TriggerCallback  stm32f1xx_hal_tim.o
    0x080029fa   0x080029fa   0x00000062   Code   RO         2417    i.HAL_UART_Init     stm32f1xx_hal_uart.o
    0x08002a5c   0x08002a5c   0x000000a0   Code   RO          251    i.HAL_UART_MspInit  usart.o
    0x08002afc   0x08002afc   0x000000b2   Code   RO         2425    i.HAL_UART_Transmit  stm32f1xx_hal_uart.o
    0x08002bae   0x08002bae   0x00000002   Code   RO          295    i.HardFault_Handler  stm32f1xx_it.o
    0x08002bb0   0x08002bb0   0x0000002c   Code   RO          184    i.MX_DMA_Init       dma.o
    0x08002bdc   0x08002bdc   0x00000094   Code   RO          160    i.MX_GPIO_Init      gpio.o
    0x08002c70   0x08002c70   0x00000064   Code   RO          210    i.MX_TIM2_Init      tim.o
    0x08002cd4   0x08002cd4   0x00000038   Code   RO          252    i.MX_USART1_UART_Init  usart.o
    0x08002d0c   0x08002d0c   0x0000002c   Code   RO         2924    i.MainInit          mainsystem.o
    0x08002d38   0x08002d38   0x00000002   Code   RO         2925    i.MainSystem        mainsystem.o
    0x08002d3a   0x08002d3a   0x00000002   Code   RO          296    i.MemManage_Handler  stm32f1xx_it.o
    0x08002d3c   0x08002d3c   0x00000002   Code   RO          297    i.NMI_Handler       stm32f1xx_it.o
    0x08002d3e   0x08002d3e   0x00000002   Code   RO          298    i.PendSV_Handler    stm32f1xx_it.o
    0x08002d40   0x08002d40   0x00000002   Code   RO          299    i.SVC_Handler       stm32f1xx_it.o
    0x08002d42   0x08002d42   0x00000004   Code   RO          300    i.SysTick_Handler   stm32f1xx_it.o
    0x08002d46   0x08002d46   0x0000005e   Code   RO            5    i.SystemClock_Config  main.o
    0x08002da4   0x08002da4   0x00000002   Code   RO         2746    i.SystemInit        system_stm32f1xx.o
    0x08002da6   0x08002da6   0x00000002   PAD
    0x08002da8   0x08002da8   0x0000000c   Code   RO          301    i.TIM2_IRQHandler   stm32f1xx_it.o
    0x08002db4   0x08002db4   0x0000008c   Code   RO          535    i.TIM_Base_SetConfig  stm32f1xx_hal_tim.o
    0x08002e40   0x08002e40   0x00000014   Code   RO          546    i.TIM_ETR_SetConfig  stm32f1xx_hal_tim.o
    0x08002e54   0x08002e54   0x00000010   Code   RO          547    i.TIM_ITRx_SetConfig  stm32f1xx_hal_tim.o
    0x08002e64   0x08002e64   0x00000022   Code   RO          553    i.TIM_TI1_ConfigInputStage  stm32f1xx_hal_tim.o
    0x08002e86   0x08002e86   0x00000024   Code   RO          555    i.TIM_TI2_ConfigInputStage  stm32f1xx_hal_tim.o
    0x08002eaa   0x08002eaa   0x00000002   PAD
    0x08002eac   0x08002eac   0x000000b8   Code   RO         2443    i.UART_SetConfig    stm32f1xx_hal_uart.o
    0x08002f64   0x08002f64   0x00000064   Code   RO         2446    i.UART_WaitOnFlagUntilTimeout  stm32f1xx_hal_uart.o
    0x08002fc8   0x08002fc8   0x00000002   Code   RO          302    i.UsageFault_Handler  stm32f1xx_it.o
    0x08002fca   0x08002fca   0x0000003e   Code   RO         3005    i._ZN12bsp_PrintArt5printEPKcz  bsp_printart.o
    0x08003008   0x08003008   0x00000010   Code   RO         3007    i._ZN12bsp_PrintArtC2Ev  bsp_printart.o
    0x08003018   0x08003018   0x0000000a   Code   RO         3056    i._ZN18bsp_PrintArt_STM328TransmitEPhj  bsp_printart.o
    0x08003022   0x08003022   0x00000002   PAD
    0x08003024   0x08003024   0x00000014   Code   RO         3008    i._ZN18bsp_PrintArt_STM32C1EP20__UART_HandleTypeDef  bsp_printart.o
    0x08003038   0x08003038   0x00000028   Code   RO         3609    i.__ARM_fpclassify  m_ws.l(fpclassify.o)
    0x08003060   0x08003060   0x00000020   Code   RO         1901    i.__NVIC_SetPriority  stm32f1xx_hal_cortex.o
    0x08003080   0x08003080   0x00000006   Code   RO         3163    i.__cxa_pure_virtual  cpprt_w.l(pure_virt.o)
    0x08003086   0x08003086   0x00000002   PAD
    0x08003088   0x08003088   0x00000010   Code   RO         2926    i.__sti___14_MainSystem_cpp_com  mainsystem.o
    0x08003098   0x08003098   0x0000000e   Code   RO         3358    i._is_digit         c_w.l(__printf_wp.o)
    0x080030a6   0x080030a6   0x00000022   Code   RO            6    i.main              main.o
    0x080030c8   0x080030c8   0x0000002c   Code   RO         3581    locale$$code        c_w.l(lc_numeric_c.o)
    0x080030f4   0x080030f4   0x0000002c   Code   RO         3620    locale$$code        c_w.l(lc_ctype_c.o)
    0x08003120   0x08003120   0x00000004   Code   RO         3457    x$fpl$printf1       fz_ws.l(printf1.o)
    0x08003124   0x08003124   0x00000000   Code   RO         3608    x$fpl$usenofp       fz_ws.l(usenofp.o)
    0x08003124   0x08003124   0x00000010   Data   RO         2747    .constdata          system_stm32f1xx.o
    0x08003134   0x08003134   0x00000008   Data   RO         2748    .constdata          system_stm32f1xx.o
    0x0800313c   0x0800313c   0x00000008   Data   RO         3317    .constdata          c_w.l(_printf_wctomb.o)
    0x08003144   0x08003144   0x00000028   Data   RO         3346    .constdata          c_w.l(_printf_hex_int_ll_ptr.o)
    0x0800316c   0x0800316c   0x00000011   Data   RO         3366    .constdata          c_w.l(__printf_flags_ss_wp.o)
    0x0800317d   0x0800317d   0x00000003   PAD
    0x08003180   0x08003180   0x00000094   Data   RO         3556    .constdata          c_w.l(bigflt0.o)
    0x08003214   0x08003214   0x0000000c   Data   RO         3049    .constdata__ZTV12bsp_PrintArt  bsp_printart.o
    0x08003220   0x08003220   0x0000000c   Data   RO         3051    .constdata__ZTV18bsp_PrintArt_STM32  bsp_printart.o
    0x0800322c   0x0800322c   0x00000020   Data   RO         3672    Region$$Table       anon$$obj.o
    0x0800324c   0x0800324c   0x0000001c   Data   RO         3580    locale$$data        c_w.l(lc_numeric_c.o)
    0x08003268   0x08003268   0x00000110   Data   RO         3619    locale$$data        c_w.l(lc_ctype_c.o)
    0x08003378   0x08003378   0x00000004   Data   RO         2931    .init_array         mainsystem.o
    0x0800337c   0x08003378   0x00000000   Data   RO         3158    .init_array         c_w.l(init_aeabi.o)


    Execution Region RW_IRAM1 (Exec base: 0x20000000, Load base: 0x0800337c, Size: 0x00000750, Max: 0x0000c000, ABSOLUTE)

    Exec Addr    Load Addr    Size         Type   Attr      Idx    E Section Name        Object

    0x20000000   0x0800337c   0x0000000c   Data   RW         1438    .data               stm32f1xx_hal.o
    0x2000000c   0x08003388   0x00000004   Data   RW         2749    .data               system_stm32f1xx.o
    0x20000010        -       0x00000048   Zero   RW          211    .bss                tim.o
    0x20000058        -       0x00000088   Zero   RW          253    .bss                usart.o
    0x200000e0        -       0x0000000c   Zero   RW         2930    .bss                mainsystem.o
    0x200000ec        -       0x00000060   Zero   RW         3462    .bss                c_w.l(libspace.o)
    0x2000014c   0x0800338c   0x00000004   PAD
    0x20000150        -       0x00000200   Zero   RW         3075    HEAP                startup_stm32f103xe.o
    0x20000350        -       0x00000400   Zero   RW         3074    STACK               startup_stm32f103xe.o


==============================================================================

Image component sizes


      Code (inc. data)   RO Data    RW Data    ZI Data      Debug   Object Name

       108         10         24          0          0       5188   bsp_printart.o
         0          0          0          0          0     410616   callback.o
        44          4          0          0          0        758   dma.o
       148         12          0          0          0        939   gpio.o
       132          0          0          0          0     487300   main.o
        62         28          4          0         12       1166   mainsystem.o
        64         26        304          0       1536        800   startup_stm32f103xe.o
       128         24          0         12          0       5913   stm32f1xx_hal.o
       198         14          0          0          0      28959   stm32f1xx_hal_cortex.o
       708         44          0          0          0       2068   stm32f1xx_hal_dma.o
       514         42          0          0          0       2908   stm32f1xx_hal_gpio.o
        60          8          0          0          0        874   stm32f1xx_hal_msp.o
      1272        100          0          0          0       5196   stm32f1xx_hal_rcc.o
       918         20          0          0          0       9541   stm32f1xx_hal_tim.o
       128         20          0          0          0       2373   stm32f1xx_hal_tim_ex.o
       560          6          0          0          0       3948   stm32f1xx_hal_uart.o
        44         12          0          0          0       4759   stm32f1xx_it.o
         2          0         24          4          0       1119   system_stm32f1xx.o
       156         10          0          0         72       1666   tim.o
       216         28          0          0        136       1781   usart.o

    ----------------------------------------------------------------------
      5478        408        388         16       1756     977872   Object Totals
         0          0         32          0          0          0   (incl. Generated)
        16          0          0          0          0          0   (incl. Padding)

    ----------------------------------------------------------------------

      Code (inc. data)   RO Data    RW Data    ZI Data      Debug   Library Member Name

         8          0          0          0          0         68   __main.o
       392          4         17          0          0         92   __printf_flags_ss_wp.o
        14          0          0          0          0         68   __printf_wp.o
         0          0          0          0          0          0   __rtentry.o
        12          0          0          0          0          0   __rtentry2.o
         6          0          0          0          0          0   __rtentry4.o
        52          8          0          0          0          0   __scatter.o
        26          0          0          0          0          0   __scatter_copy.o
        28          0          0          0          0          0   __scatter_zi.o
         6          0          0          0          0          0   _printf_a.o
         6          0          0          0          0          0   _printf_c.o
        44          0          0          0          0        108   _printf_char.o
        48          6          0          0          0         96   _printf_char_common.o
        40          0          0          0          0         68   _printf_charcount.o
         6          0          0          0          0          0   _printf_d.o
       120         16          0          0          0         92   _printf_dec.o
         6          0          0          0          0          0   _printf_e.o
         6          0          0          0          0          0   _printf_f.o
      1054          0          0          0          0        216   _printf_fp_dec.o
       128         16          0          0          0         84   _printf_fp_infnan.o
         6          0          0          0          0          0   _printf_g.o
       148          4         40          0          0        160   _printf_hex_int_ll_ptr.o
         6          0          0          0          0          0   _printf_i.o
       178          0          0          0          0         88   _printf_intcommon.o
        10          0          0          0          0          0   _printf_l.o
         6          0          0          0          0          0   _printf_lc.o
        10          0          0          0          0          0   _printf_ll.o
         6          0          0          0          0          0   _printf_lld.o
         6          0          0          0          0          0   _printf_lli.o
         6          0          0          0          0          0   _printf_llo.o
         6          0          0          0          0          0   _printf_llu.o
         6          0          0          0          0          0   _printf_llx.o
       124         16          0          0          0         92   _printf_longlong_dec.o
         6          0          0          0          0          0   _printf_ls.o
         6          0          0          0          0          0   _printf_n.o
         6          0          0          0          0          0   _printf_o.o
       112         10          0          0          0        124   _printf_oct_int_ll.o
         6          0          0          0          0          0   _printf_p.o
        78          0          0          0          0        108   _printf_pad.o
         0          0          0          0          0          0   _printf_percent.o
         4          0          0          0          0          0   _printf_percent_end.o
         6          0          0          0          0          0   _printf_s.o
        82          0          0          0          0         80   _printf_str.o
        36          0          0          0          0         84   _printf_truncate.o
         6          0          0          0          0          0   _printf_u.o
        44          0          0          0          0        108   _printf_wchar.o
       188          6          8          0          0         92   _printf_wctomb.o
         6          0          0          0          0          0   _printf_x.o
        10          0          0          0          0         68   _sputc.o
        64          0          0          0          0         92   _wcrtomb.o
       228          4        148          0          0         96   bigflt0.o
      1936        128          0          0          0        672   btod.o
        36          4          0          0          0         76   c89vsprintf.o
        10          0          0          0          0         68   defsig_exit.o
        50          0          0          0          0         88   defsig_general.o
        48         34          0          0          0         76   defsig_pvfn_inner.o
        14          0          0          0          0         80   defsig_pvfn_outer.o
        80         58          0          0          0         76   defsig_rtmem_inner.o
        14          0          0          0          0         80   defsig_rtmem_outer.o
        18          0          0          0          0         80   exit.o
        94          0          0          0          0         80   h1_alloc.o
        52          0          0          0          0         68   h1_extend.o
        78          0          0          0          0         80   h1_free.o
        14          0          0          0          0         84   h1_init.o
         6          0          0          0          0        152   heapauxi.o
         4          0          0          0          0        136   hguard.o
         0          0          0          0          0          0   indicate_semi.o
        36         10          0          0          0         80   init_aeabi.o
       138          0          0          0          0        168   init_alloc.o
        44         10        272          0          0         76   lc_ctype_c.o
        44         10         28          0          0         76   lc_numeric_c.o
         2          0          0          0          0          0   libinit.o
        42          0          0          0          0          0   libinit2.o
         2          0          0          0          0          0   libshutdown.o
         2          0          0          0          0          0   libshutdown2.o
         8          4          0          0         96         68   libspace.o
       138          0          0          0          0         80   lludiv10.o
         0          0          0          0          0          0   maybetermalloc1.o
        16          4          0          0          0         76   rt_ctype_table.o
         8          4          0          0          0         68   rt_heap_descriptor_intlibspace.o
         8          4          0          0          0         68   rt_locale_intlibspace.o
        78          0          0          0          0         80   rt_memclr_w.o
         2          0          0          0          0          0   rtexit.o
        10          0          0          0          0          0   rtexit2.o
       128          0          0          0          0         68   strcmpv7m.o
        62          0          0          0          0         76   strlen.o
        12          4          0          0          0         68   sys_exit.o
        74          0          0          0          0         80   sys_stackheap_outer.o
        14          0          0          0          0         76   sys_wrch.o
         2          0          0          0          0         68   use_no_semi.o
         6          0          0          0          0         68   pure_virt.o
         4          0          0          0          0         68   printf1.o
         0          0          0          0          0          0   usenofp.o
        40          0          0          0          0         68   fpclassify.o

    ----------------------------------------------------------------------
      6798        364        516          0        100       5460   Library Totals
        16          0          3          0          4          0   (incl. Padding)

    ----------------------------------------------------------------------

      Code (inc. data)   RO Data    RW Data    ZI Data      Debug   Library Name

      6732        364        513          0         96       5256   c_w.l
         6          0          0          0          0         68   cpprt_w.l
         4          0          0          0          0         68   fz_ws.l
        40          0          0          0          0         68   m_ws.l

    ----------------------------------------------------------------------
      6798        364        516          0        100       5460   Library Totals

    ----------------------------------------------------------------------

==============================================================================


      Code (inc. data)   RO Data    RW Data    ZI Data      Debug   

     12276        772        904         16       1856     977036   Grand Totals
     12276        772        904         16       1856     977036   ELF Image Totals
     12276        772        904         16          0          0   ROM Totals

==============================================================================

    Total RO  Size (Code + RO Data)                13180 (  12.87kB)
    Total RW  Size (RW Data + ZI Data)              1872 (   1.83kB)
    Total ROM Size (Code + RO Data + RW Data)      13196 (  12.89kB)

==============================================================================

